Archive member included because of file (symbol)

C:\Freescale\KSDK_1.3.0\lib\ksdk_platform_lib\kds\K64F12\debug\libksdk_platform.a(fsl_uart_hal.o)
                              ./Sources/main.o (UART_HAL_Init)
C:\Freescale\KSDK_1.3.0\lib\ksdk_platform_lib\kds\K64F12\debug\libksdk_platform.a(fsl_gpio_hal.o)
                              ./Sources/main.o (GPIO_HAL_SetPinDir)
C:\Freescale\KSDK_1.3.0\lib\ksdk_platform_lib\kds\K64F12\debug\libksdk_platform.a(fsl_adc16_hal.o)
                              ./Sources/main.o (ADC16_HAL_Init)
c:/freescale/kds_v3/toolchain/bin/../lib/gcc/arm-none-eabi/4.8.4/../../../../arm-none-eabi/lib/armv7e-m/fpu\libg_s.a(lib_a-assert.o)
                              ./Sources/main.o (__assert_func)
c:/freescale/kds_v3/toolchain/bin/../lib/gcc/arm-none-eabi/4.8.4/../../../../arm-none-eabi/lib/armv7e-m/fpu\libg_s.a(lib_a-exit.o)
                              c:/freescale/kds_v3/toolchain/bin/../lib/gcc/arm-none-eabi/4.8.4/../../../../arm-none-eabi/lib/armv7e-m/fpu/crt0.o (exit)
c:/freescale/kds_v3/toolchain/bin/../lib/gcc/arm-none-eabi/4.8.4/../../../../arm-none-eabi/lib/armv7e-m/fpu\libg_s.a(lib_a-fprintf.o)
                              c:/freescale/kds_v3/toolchain/bin/../lib/gcc/arm-none-eabi/4.8.4/../../../../arm-none-eabi/lib/armv7e-m/fpu\libg_s.a(lib_a-assert.o) (fiprintf)
c:/freescale/kds_v3/toolchain/bin/../lib/gcc/arm-none-eabi/4.8.4/../../../../arm-none-eabi/lib/armv7e-m/fpu\libg_s.a(lib_a-impure.o)
                              c:/freescale/kds_v3/toolchain/bin/../lib/gcc/arm-none-eabi/4.8.4/../../../../arm-none-eabi/lib/armv7e-m/fpu\libg_s.a(lib_a-exit.o) (_global_impure_ptr)
c:/freescale/kds_v3/toolchain/bin/../lib/gcc/arm-none-eabi/4.8.4/../../../../arm-none-eabi/lib/armv7e-m/fpu\libg_s.a(lib_a-init.o)
                              c:/freescale/kds_v3/toolchain/bin/../lib/gcc/arm-none-eabi/4.8.4/../../../../arm-none-eabi/lib/armv7e-m/fpu/crt0.o (__libc_init_array)
c:/freescale/kds_v3/toolchain/bin/../lib/gcc/arm-none-eabi/4.8.4/../../../../arm-none-eabi/lib/armv7e-m/fpu\libg_s.a(lib_a-memset.o)
                              c:/freescale/kds_v3/toolchain/bin/../lib/gcc/arm-none-eabi/4.8.4/../../../../arm-none-eabi/lib/armv7e-m/fpu/crt0.o (memset)
c:/freescale/kds_v3/toolchain/bin/../lib/gcc/arm-none-eabi/4.8.4/../../../../arm-none-eabi/lib/armv7e-m/fpu\libg_s.a(lib_a-sprintf.o)
                              ./Sources/main.o (sprintf)
c:/freescale/kds_v3/toolchain/bin/../lib/gcc/arm-none-eabi/4.8.4/../../../../arm-none-eabi/lib/armv7e-m/fpu\libg_s.a(lib_a-svfprintf.o)
                              c:/freescale/kds_v3/toolchain/bin/../lib/gcc/arm-none-eabi/4.8.4/../../../../arm-none-eabi/lib/armv7e-m/fpu\libg_s.a(lib_a-sprintf.o) (_svfprintf_r)
c:/freescale/kds_v3/toolchain/bin/../lib/gcc/arm-none-eabi/4.8.4/../../../../arm-none-eabi/lib/armv7e-m/fpu\libg_s.a(lib_a-vfprintf.o)
                              c:/freescale/kds_v3/toolchain/bin/../lib/gcc/arm-none-eabi/4.8.4/../../../../arm-none-eabi/lib/armv7e-m/fpu\libg_s.a(lib_a-fprintf.o) (_vfprintf_r)
c:/freescale/kds_v3/toolchain/bin/../lib/gcc/arm-none-eabi/4.8.4/../../../../arm-none-eabi/lib/armv7e-m/fpu\libg_s.a(lib_a-vfprintf_i.o)
                              c:/freescale/kds_v3/toolchain/bin/../lib/gcc/arm-none-eabi/4.8.4/../../../../arm-none-eabi/lib/armv7e-m/fpu\libg_s.a(lib_a-svfprintf.o) (_printf_i)
c:/freescale/kds_v3/toolchain/bin/../lib/gcc/arm-none-eabi/4.8.4/../../../../arm-none-eabi/lib/armv7e-m/fpu\libg_s.a(lib_a-wbuf.o)
                              c:/freescale/kds_v3/toolchain/bin/../lib/gcc/arm-none-eabi/4.8.4/../../../../arm-none-eabi/lib/armv7e-m/fpu\libg_s.a(lib_a-vfprintf.o) (__swbuf_r)
c:/freescale/kds_v3/toolchain/bin/../lib/gcc/arm-none-eabi/4.8.4/../../../../arm-none-eabi/lib/armv7e-m/fpu\libg_s.a(lib_a-wsetup.o)
                              c:/freescale/kds_v3/toolchain/bin/../lib/gcc/arm-none-eabi/4.8.4/../../../../arm-none-eabi/lib/armv7e-m/fpu\libg_s.a(lib_a-vfprintf.o) (__swsetup_r)
c:/freescale/kds_v3/toolchain/bin/../lib/gcc/arm-none-eabi/4.8.4/../../../../arm-none-eabi/lib/armv7e-m/fpu\libg_s.a(lib_a-abort.o)
                              c:/freescale/kds_v3/toolchain/bin/../lib/gcc/arm-none-eabi/4.8.4/../../../../arm-none-eabi/lib/armv7e-m/fpu\libg_s.a(lib_a-assert.o) (abort)
c:/freescale/kds_v3/toolchain/bin/../lib/gcc/arm-none-eabi/4.8.4/../../../../arm-none-eabi/lib/armv7e-m/fpu\libg_s.a(lib_a-fflush.o)
                              c:/freescale/kds_v3/toolchain/bin/../lib/gcc/arm-none-eabi/4.8.4/../../../../arm-none-eabi/lib/armv7e-m/fpu\libg_s.a(lib_a-wbuf.o) (_fflush_r)
c:/freescale/kds_v3/toolchain/bin/../lib/gcc/arm-none-eabi/4.8.4/../../../../arm-none-eabi/lib/armv7e-m/fpu\libg_s.a(lib_a-findfp.o)
                              c:/freescale/kds_v3/toolchain/bin/../lib/gcc/arm-none-eabi/4.8.4/../../../../arm-none-eabi/lib/armv7e-m/fpu\libg_s.a(lib_a-vfprintf.o) (__sinit)
[...]
Memory Configuration

Name             Origin             Length             Attributes
m_interrupts     0x00000000         0x00000400         xr
m_flash_config   0x00000400         0x00000010         xr
m_text           0x00000410         0x000ffbf0         xr
m_data           0x1fff0000         0x00010000         rw
m_data_2         0x20000000         0x00030000         rw
*default*        0x00000000         0xffffffff

Linker script and memory map

LOAD c:/freescale/kds_v3/toolchain/bin/../lib/gcc/arm-none-eabi/4.8.4/armv7e-m/fpu/crti.o
LOAD c:/freescale/kds_v3/toolchain/bin/../lib/gcc/arm-none-eabi/4.8.4/armv7e-m/fpu/crtbegin.o
LOAD c:/freescale/kds_v3/toolchain/bin/../lib/gcc/arm-none-eabi/4.8.4/../../../../arm-none-eabi/lib/armv7e-m/fpu/crt0.o
LOAD ./Sources/main.o
LOAD ./Project_Settings/Startup_Code/startup.o
LOAD ./Project_Settings/Startup_Code/startup_MK64F12.o
LOAD ./Project_Settings/Startup_Code/system_MK64F12.o
LOAD C:\Freescale\KSDK_1.3.0\lib\ksdk_platform_lib\kds\K64F12\debug\libksdk_platform.a
LOAD c:/freescale/kds_v3/toolchain/bin/../lib/gcc/arm-none-eabi/4.8.4/../../../../arm-none-eabi/lib/armv7e-m/fpu\libstdc++_s.a
LOAD c:/freescale/kds_v3/toolchain/bin/../lib/gcc/arm-none-eabi/4.8.4/../../../../arm-none-eabi/lib/armv7e-m/fpu\libm.a
START GROUP
LOAD c:/freescale/kds_v3/toolchain/bin/../lib/gcc/arm-none-eabi/4.8.4/armv7e-m/fpu\libgcc.a
LOAD c:/freescale/kds_v3/toolchain/bin/../lib/gcc/arm-none-eabi/4.8.4/../../../../arm-none-eabi/lib/armv7e-m/fpu\libg_s.a
LOAD c:/freescale/kds_v3/toolchain/bin/../lib/gcc/arm-none-eabi/4.8.4/../../../../arm-none-eabi/lib/armv7e-m/fpu\libc_s.a
END GROUP
START GROUP
LOAD c:/freescale/kds_v3/toolchain/bin/../lib/gcc/arm-none-eabi/4.8.4/armv7e-m/fpu\libgcc.a
LOAD c:/freescale/kds_v3/toolchain/bin/../lib/gcc/arm-none-eabi/4.8.4/../../../../arm-none-eabi/lib/armv7e-m/fpu\libc_s.a
LOAD c:/freescale/kds_v3/toolchain/bin/../lib/gcc/arm-none-eabi/4.8.4/../../../../arm-none-eabi/lib/armv7e-m/fpu\libnosys.a
END GROUP
START GROUP
LOAD c:/freescale/kds_v3/toolchain/bin/../lib/gcc/arm-none-eabi/4.8.4/armv7e-m/fpu\libgcc.a
LOAD c:/freescale/kds_v3/toolchain/bin/../lib/gcc/arm-none-eabi/4.8.4/../../../../arm-none-eabi/lib/armv7e-m/fpu\libc_s.a
LOAD c:/freescale/kds_v3/toolchain/bin/../lib/gcc/arm-none-eabi/4.8.4/../../../../arm-none-eabi/lib/armv7e-m/fpu\libnosys.a
END GROUP
LOAD c:/freescale/kds_v3/toolchain/bin/../lib/gcc/arm-none-eabi/4.8.4/armv7e-m/fpu/crtend.o
LOAD c:/freescale/kds_v3/toolchain/bin/../lib/gcc/arm-none-eabi/4.8.4/armv7e-m/fpu/crtn.o
                0x00000400                HEAP_SIZE = DEFINED (__heap_size__)?__heap_size__:0x400
                0x00000400                STACK_SIZE = DEFINED (__stack_size__)?__stack_size__:0x400
                0x00000000                M_VECTOR_RAM_SIZE = DEFINED (__ram_vector_table__)?0x400:0x0

.interrupts     0x00000000      0x400
                0x00000000                __VECTOR_TABLE = .
                0x00000000                . = ALIGN (0x4)
 *(.isr_vector)
 .isr_vector    0x00000000      0x400 ./Project_Settings/Startup_Code/startup_MK64F12.o
                0x00000000                __isr_vector
                0x00000400                . = ALIGN (0x4)

.flash_config   0x00000400       0x10
                0x00000400                . = ALIGN (0x4)
 *(.FlashConfig)
 .FlashConfig   0x00000400       0x10 ./Project_Settings/Startup_Code/startup_MK64F12.o
                0x00000410                . = ALIGN (0x4)

.text           0x00000410     0x1e60
                0x00000410                . = ALIGN (0x4)
 *(.text)
 .text          0x00000410       0x54 c:/freescale/kds_v3/toolchain/bin/../lib/gcc/arm-none-eabi/4.8.4/armv7e-m/fpu/crtbegin.o
 .text          0x00000464       0x74 c:/freescale/kds_v3/toolchain/bin/../lib/gcc/arm-none-eabi/4.8.4/../../../../arm-none-eabi/lib/armv7e-m/fpu/crt0.o
                0x00000464                _start
                0x00000464                _mainCRTStartup
 .text          0x000004d8       0x14 ./Project_Settings/Startup_Code/startup_MK64F12.o
                0x000004d8                Reset_Handler
                0x000004e8                DebugMon_Handler
                0x000004e8                I2C0_IRQHandler
                0x000004e8                HardFault_Handler
                0x000004e8                SysTick_Handler
                0x000004e8                UART3_RX_TX_IRQHandler
                0x000004e8                PendSV_Handler
                0x000004e8                NMI_Handler
                0x000004e8                UART0_RX_TX_IRQHandler
                0x000004e8                I2C1_IRQHandler
                0x000004e8                DMA2_IRQHandler
                0x000004e8                ENET_Error_IRQHandler
                0x000004e8                CAN0_Tx_Warning_IRQHandler
                0x000004e8                PIT0_IRQHandler
                0x000004e8                CAN0_ORed_Message_buffer_IRQHandler
                0x000004e8                CMP2_IRQHandler
                0x000004e8                LLWU_IRQHandler
                0x000004e8                ENET_Receive_IRQHandler
                0x000004e8                ENET_1588_Timer_IRQHandler
                0x000004e8                UART2_RX_TX_IRQHandler
                0x000004e8                SWI_IRQHandler
                0x000004e8                ADC0_IRQHandler
                0x000004e8                UsageFault_Handler
                0x000004e8                I2S0_Tx_IRQHandler
                0x000004e8                CMT_IRQHandler
                0x000004e8                UART4_RX_TX_IRQHandler
                0x000004e8                SPI1_IRQHandler
                0x000004e8                DefaultISR
                0x000004e8                DMA9_IRQHandler
                0x000004e8                DMA14_IRQHandler
                0x000004e8                CMP1_IRQHandler
                0x000004e8                Reserved71_IRQHandler
                0x000004e8                PORTD_IRQHandler
                0x000004e8                PORTB_IRQHandler
                0x000004e8                UART4_ERR_IRQHandler
                0x000004e8                ADC1_IRQHandler
                0x000004e8                I2C2_IRQHandler
                0x000004e8                PIT2_IRQHandler
                0x000004e8                I2S0_Rx_IRQHandler
                0x000004e8                DMA5_IRQHandler
                0x000004e8                RTC_IRQHandler
                0x000004e8                PDB0_IRQHandler
                0x000004e8                CAN0_Rx_Warning_IRQHandler
                0x000004e8                FTM1_IRQHandler
                0x000004e8                UART5_RX_TX_IRQHandler
                0x000004e8                UART3_ERR_IRQHandler
                0x000004e8                PIT3_IRQHandler
                0x000004e8                SDHC_IRQHandler
                0x000004e8                RTC_Seconds_IRQHandler
                0x000004e8                MCG_IRQHandler
                0x000004e8                FTFE_IRQHandler
                0x000004e8                UART2_ERR_IRQHandler
                0x000004e8                DMA11_IRQHandler
                0x000004e8                UART5_ERR_IRQHandler
                0x000004e8                Read_Collision_IRQHandler
                0x000004e8                DMA7_IRQHandler
                0x000004e8                ENET_Transmit_IRQHandler
                0x000004e8                USBDCD_IRQHandler
                0x000004e8                USB0_IRQHandler
                0x000004e8                SPI2_IRQHandler
                0x000004e8                WDOG_EWM_IRQHandler
                0x000004e8                MemManage_Handler
                0x000004e8                SVC_Handler
                0x000004e8                DMA13_IRQHandler
                0x000004e8                DMA3_IRQHandler
                0x000004e8                UART0_LON_IRQHandler
                0x000004e8                RNG_IRQHandler
                0x000004e8                DMA0_IRQHandler
                0x000004e8                DMA15_IRQHandler
                0x000004e8                DAC0_IRQHandler
                0x000004e8                CAN0_Error_IRQHandler
                0x000004e8                DMA4_IRQHandler
                0x000004e8                PIT1_IRQHandler
                0x000004e8                UART0_ERR_IRQHandler
                0x000004e8                DMA_Error_IRQHandler
                0x000004e8                LVD_LVW_IRQHandler
                0x000004e8                SPI0_IRQHandler
                0x000004e8                FTM0_IRQHandler
                0x000004e8                PORTA_IRQHandler
                0x000004e8                DAC1_IRQHandler
                0x000004e8                MCM_IRQHandler
                0x000004e8                DMA12_IRQHandler
                0x000004e8                CAN0_Bus_Off_IRQHandler
                0x000004e8                FTM3_IRQHandler
                0x000004e8                PORTE_IRQHandler
                0x000004e8                FTM2_IRQHandler
                0x000004e8                LPTMR0_IRQHandler
                0x000004e8                BusFault_Handler
                0x000004e8                DMA8_IRQHandler
                0x000004e8                DMA10_IRQHandler
                0x000004e8                CAN0_Wake_Up_IRQHandler
                0x000004e8                UART1_ERR_IRQHandler
                0x000004e8                UART1_RX_TX_IRQHandler
                0x000004e8                CMP0_IRQHandler
                0x000004e8                PORTC_IRQHandler
                0x000004e8                DMA6_IRQHandler
                0x000004e8                DMA1_IRQHandler
 *(.text*)
 .text.PORT_HAL_SetMuxMode
                0x000004ec       0x58 ./Sources/main.o
 .text.UART_HAL_EnableTransmitter
                0x00000544       0x24 ./Sources/main.o
 .text.SIM_HAL_EnableClock
                0x00000568       0x3c ./Sources/main.o
 .text.UART0_Init
                0x000005a4       0x48 ./Sources/main.o
                0x000005a4                UART0_Init
 .text.ADC1_Init
                0x000005ec       0x28 ./Sources/main.o
                0x000005ec                ADC1_Init
 .text.UART0_PutChar
                0x00000614       0x34 ./Sources/main.o
                0x00000614                UART0_PutChar
 .text.UART0_PutString
                0x00000648       0x2c ./Sources/main.o
                0x00000648                UART0_PutString
 .text.Quick_Sort
                0x00000674       0xf4 ./Sources/main.o
                0x00000674                Quick_Sort
 .text.Get_Position
                0x00000768       0x40 ./Sources/main.o
                0x00000768                Get_Position
 .text.main     0x000007a8      0x144 ./Sources/main.o
                0x000007a8                main
 .text.init_data_bss
                0x000008ec       0xcc ./Project_Settings/Startup_Code/startup.o
                0x000008ec                init_data_bss
 .text.SystemInit
                0x000009b8       0x3c ./Project_Settings/Startup_Code/system_MK64F12.o
                0x000009b8                SystemInit
 .text.UART_HAL_Init
                0x000009f4       0x74 C:\Freescale\KSDK_1.3.0\lib\ksdk_platform_lib\kds\K64F12\debug\libksdk_platform.a(fsl_uart_hal.o)
                0x000009f4                UART_HAL_Init
 .text.UART_HAL_SetBaudRate
                0x00000a68       0xa0 C:\Freescale\KSDK_1.3.0\lib\ksdk_platform_lib\kds\K64F12\debug\libksdk_platform.a(fsl_uart_hal.o)
                0x00000a68                UART_HAL_SetBaudRate
 .text.UART_HAL_Putchar
                0x00000b08       0x28 C:\Freescale\KSDK_1.3.0\lib\ksdk_platform_lib\kds\K64F12\debug\libksdk_platform.a(fsl_uart_hal.o)
                0x00000b08                UART_HAL_Putchar
 .text.UART_HAL_GetStatusFlag
                0x00000b30       0xb8 C:\Freescale\KSDK_1.3.0\lib\ksdk_platform_lib\kds\K64F12\debug\libksdk_platform.a(fsl_uart_hal.o)
                0x00000b30                UART_HAL_GetStatusFlag
 .text.ADC16_HAL_Init
                0x00000be8       0x38 C:\Freescale\KSDK_1.3.0\lib\ksdk_platform_lib\kds\K64F12\debug\libksdk_platform.a(fsl_adc16_hal.o)
                0x00000be8                ADC16_HAL_Init
 .text.ADC16_HAL_ConfigConverter
                0x00000c20      0x12c C:\Freescale\KSDK_1.3.0\lib\ksdk_platform_lib\kds\K64F12\debug\libksdk_platform.a(fsl_adc16_hal.o)
                0x00000c20                ADC16_HAL_ConfigConverter
 .text.__assert_func
                0x00000d4c       0x38 c:/freescale/kds_v3/toolchain/bin/../lib/gcc/arm-none-eabi/4.8.4/../../../../arm-none-eabi/lib/armv7e-m/fpu\libg_s.a(lib_a-assert.o)
                0x00000d4c                __assert_func
 .text.exit     0x00000d84       0x28 c:/freescale/kds_v3/toolchain/bin/../lib/gcc/arm-none-eabi/4.8.4/../../../../arm-none-eabi/lib/armv7e-m/fpu\libg_s.a(lib_a-exit.o)
                0x00000d84                exit
 .text.fprintf  0x00000dac       0x24 c:/freescale/kds_v3/toolchain/bin/../lib/gcc/arm-none-eabi/4.8.4/../../../../arm-none-eabi/lib/armv7e-m/fpu\libg_s.a(lib_a-fprintf.o)
                0x00000dac                fiprintf
                0x00000dac                fprintf
 .text.__libc_init_array
                0x00000dd0       0x4c c:/freescale/kds_v3/toolchain/bin/../lib/gcc/arm-none-eabi/4.8.4/../../../../arm-none-eabi/lib/armv7e-m/fpu\libg_s.a(lib_a-init.o)
                0x00000dd0                __libc_init_array
 .text.memset   0x00000e1c       0x10 c:/freescale/kds_v3/toolchain/bin/../lib/gcc/arm-none-eabi/4.8.4/../../../../arm-none-eabi/lib/armv7e-m/fpu\libg_s.a(lib_a-memset.o)
                0x00000e1c                memset
 .text.sprintf  0x00000e2c       0x48 c:/freescale/kds_v3/toolchain/bin/../lib/gcc/arm-none-eabi/4.8.4/../../../../arm-none-eabi/lib/armv7e-m/fpu\libg_s.a(lib_a-sprintf.o)
                0x00000e2c                siprintf
                0x00000e2c                sprintf
 .text.__ssputs_r
                0x00000e74       0xb8 c:/freescale/kds_v3/toolchain/bin/../lib/gcc/arm-none-eabi/4.8.4/../../../../arm-none-eabi/lib/armv7e-m/fpu\libg_s.a(lib_a-svfprintf.o)
                0x00000e74                __ssputs_r
 .text._svfprintf_r
                0x00000f2c      0x1dc c:/freescale/kds_v3/toolchain/bin/../lib/gcc/arm-none-eabi/4.8.4/../../../../arm-none-eabi/lib/armv7e-m/fpu\libg_s.a(lib_a-svfprintf.o)
                0x00000f2c                _svfiprintf_r
                0x00000f2c                _svfprintf_r
 .text.__sfputc_r
                0x00001108       0x2c c:/freescale/kds_v3/toolchain/bin/../lib/gcc/arm-none-eabi/4.8.4/../../../../arm-none-eabi/lib/armv7e-m/fpu\libg_s.a(lib_a-vfprintf.o)
 .text.__sfputs_r
                0x00001134       0x24 c:/freescale/kds_v3/toolchain/bin/../lib/gcc/arm-none-eabi/4.8.4/../../../../arm-none-eabi/lib/armv7e-m/fpu\libg_s.a(lib_a-vfprintf.o)
                0x00001134                __sfputs_r
 .text._vfprintf_r
                0x00001158      0x208 c:/freescale/kds_v3/toolchain/bin/../lib/gcc/arm-none-eabi/4.8.4/../../../../arm-none-eabi/lib/armv7e-m/fpu\libg_s.a(lib_a-vfprintf.o)
                0x00001158                _vfprintf_r
                0x00001158                _vfiprintf_r
 .text._printf_common
                0x00001360       0xe4 c:/freescale/kds_v3/toolchain/bin/../lib/gcc/arm-none-eabi/4.8.4/../../../../arm-none-eabi/lib/armv7e-m/fpu\libg_s.a(lib_a-vfprintf_i.o)
                0x00001360                _printf_common
 .text._printf_i
                0x00001444      0x228 c:/freescale/kds_v3/toolchain/bin/../lib/gcc/arm-none-eabi/4.8.4/../../../../arm-none-eabi/lib/armv7e-m/fpu\libg_s.a(lib_a-vfprintf_i.o)
                0x00001444                _printf_i
 .text.__swbuf_r
                0x0000166c       0xa8 c:/freescale/kds_v3/toolchain/bin/../lib/gcc/arm-none-eabi/4.8.4/../../../../arm-none-eabi/lib/armv7e-m/fpu\libg_s.a(lib_a-wbuf.o)
                0x0000166c                __swbuf_r
 .text.__swsetup_r
                0x00001714       0xdc c:/freescale/kds_v3/toolchain/bin/../lib/gcc/arm-none-eabi/4.8.4/../../../../arm-none-eabi/lib/armv7e-m/fpu\libg_s.a(lib_a-wsetup.o)
                0x00001714                __swsetup_r
 .text.abort    0x000017f0        0xe c:/freescale/kds_v3/toolchain/bin/../lib/gcc/arm-none-eabi/4.8.4/../../../../arm-none-eabi/lib/armv7e-m/fpu\libg_s.a(lib_a-abort.o)
                0x000017f0                abort
 .text.__sflush_r
                0x000017fe      0x106 c:/freescale/kds_v3/toolchain/bin/../lib/gcc/arm-none-eabi/4.8.4/../../../../arm-none-eabi/lib/armv7e-m/fpu\libg_s.a(lib_a-fflush.o)
                0x000017fe                __sflush_r
 .text._fflush_r
                0x00001904       0x54 c:/freescale/kds_v3/toolchain/bin/../lib/gcc/arm-none-eabi/4.8.4/../../../../arm-none-eabi/lib/armv7e-m/fpu\libg_s.a(lib_a-fflush.o)
                0x00001904                _fflush_r
 .text._cleanup_r
                0x00001958       0x32 c:/freescale/kds_v3/toolchain/bin/../lib/gcc/arm-none-eabi/4.8.4/../../../../arm-none-eabi/lib/armv7e-m/fpu\libg_s.a(lib_a-findfp.o)
                0x00001958                _cleanup_r
 *fill*         0x0000198a        0x2 
 .text.std.isra.0
                0x0000198c       0x48 c:/freescale/kds_v3/toolchain/bin/../lib/gcc/arm-none-eabi/4.8.4/../../../../arm-none-eabi/lib/armv7e-m/fpu\libg_s.a(lib_a-findfp.o)
 .text.__sfmoreglue
                0x000019d4       0x2c c:/freescale/kds_v3/toolchain/bin/../lib/gcc/arm-none-eabi/4.8.4/../../../../arm-none-eabi/lib/armv7e-m/fpu\libg_s.a(lib_a-findfp.o)
                0x000019d4                __sfmoreglue
 .text.__sinit  0x00001a00       0x60 c:/freescale/kds_v3/toolchain/bin/../lib/gcc/arm-none-eabi/4.8.4/../../../../arm-none-eabi/lib/armv7e-m/fpu\libg_s.a(lib_a-findfp.o)
                0x00001a00                __sinit
 .text.__sfp    0x00001a60       0x74 c:/freescale/kds_v3/toolchain/bin/../lib/gcc/arm-none-eabi/4.8.4/../../../../arm-none-eabi/lib/armv7e-m/fpu\libg_s.a(lib_a-findfp.o)
                0x00001a60                __sfp
 .text.__smakebuf_r
                0x00001ad4       0x9c c:/freescale/kds_v3/toolchain/bin/../lib/gcc/arm-none-eabi/4.8.4/../../../../arm-none-eabi/lib/armv7e-m/fpu\libg_s.a(lib_a-makebuf.o)
                0x00001ad4                __smakebuf_r
 .text.memchr   0x00001b70       0x1e c:/freescale/kds_v3/toolchain/bin/../lib/gcc/arm-none-eabi/4.8.4/../../../../arm-none-eabi/lib/armv7e-m/fpu\libg_s.a(lib_a-memchr-stub.o)
                0x00001b70                memchr
 .text.memcpy   0x00001b8e       0x12 c:/freescale/kds_v3/toolchain/bin/../lib/gcc/arm-none-eabi/4.8.4/../../../../arm-none-eabi/lib/armv7e-m/fpu\libg_s.a(lib_a-memcpy-stub.o)
                0x00001b8e                memcpy
 .text.memmove  0x00001ba0       0x36 c:/freescale/kds_v3/toolchain/bin/../lib/gcc/arm-none-eabi/4.8.4/../../../../arm-none-eabi/lib/armv7e-m/fpu\libg_s.a(lib_a-memmove.o)
                0x00001ba0                memmove
 *fill*         0x00001bd6        0x2 
 .text._free_r  0x00001bd8       0x88 c:/freescale/kds_v3/toolchain/bin/../lib/gcc/arm-none-eabi/4.8.4/../../../../arm-none-eabi/lib/armv7e-m/fpu\libg_s.a(lib_a-nano-freer.o)
                0x00001bd8                _free_r
 .text._malloc_r
                0x00001c60       0xa8 c:/freescale/kds_v3/toolchain/bin/../lib/gcc/arm-none-eabi/4.8.4/../../../../arm-none-eabi/lib/armv7e-m/fpu\libg_s.a(lib_a-nano-mallocr.o)
                0x00001c60                _malloc_r
 .text._realloc_r
                0x00001d08       0x4c c:/freescale/kds_v3/toolchain/bin/../lib/gcc/arm-none-eabi/4.8.4/../../../../arm-none-eabi/lib/armv7e-m/fpu\libg_s.a(lib_a-nano-reallocr.o)
                0x00001d08                _realloc_r
 .text._sbrk_r  0x00001d54       0x20 c:/freescale/kds_v3/toolchain/bin/../lib/gcc/arm-none-eabi/4.8.4/../../../../arm-none-eabi/lib/armv7e-m/fpu\libg_s.a(lib_a-sbrkr.o)
                0x00001d54                _sbrk_r
 .text._raise_r
                0x00001d74       0x50 c:/freescale/kds_v3/toolchain/bin/../lib/gcc/arm-none-eabi/4.8.4/../../../../arm-none-eabi/lib/armv7e-m/fpu\libg_s.a(lib_a-signal.o)
                0x00001d74                _raise_r
 .text.raise    0x00001dc4       0x10 c:/freescale/kds_v3/toolchain/bin/../lib/gcc/arm-none-eabi/4.8.4/../../../../arm-none-eabi/lib/armv7e-m/fpu\libg_s.a(lib_a-signal.o)
                0x00001dc4                raise
 .text._kill_r  0x00001dd4       0x24 c:/freescale/kds_v3/toolchain/bin/../lib/gcc/arm-none-eabi/4.8.4/../../../../arm-none-eabi/lib/armv7e-m/fpu\libg_s.a(lib_a-signalr.o)
                0x00001dd4                _kill_r
 .text._getpid_r
                0x00001df8        0x4 c:/freescale/kds_v3/toolchain/bin/../lib/gcc/arm-none-eabi/4.8.4/../../../../arm-none-eabi/lib/armv7e-m/fpu\libg_s.a(lib_a-signalr.o)
                0x00001df8                _getpid_r
 .text.__sread  0x00001dfc       0x22 c:/freescale/kds_v3/toolchain/bin/../lib/gcc/arm-none-eabi/4.8.4/../../../../arm-none-eabi/lib/armv7e-m/fpu\libg_s.a(lib_a-stdio.o)
                0x00001dfc                __sread
 .text.__swrite
                0x00001e1e       0x38 c:/freescale/kds_v3/toolchain/bin/../lib/gcc/arm-none-eabi/4.8.4/../../../../arm-none-eabi/lib/armv7e-m/fpu\libg_s.a(lib_a-stdio.o)
                0x00001e1e                __swrite
 .text.__sseek  0x00001e56       0x24 c:/freescale/kds_v3/toolchain/bin/../lib/gcc/arm-none-eabi/4.8.4/../../../../arm-none-eabi/lib/armv7e-m/fpu\libg_s.a(lib_a-stdio.o)
                0x00001e56                __sseek
 .text.__sclose
                0x00001e7a        0x8 c:/freescale/kds_v3/toolchain/bin/../lib/gcc/arm-none-eabi/4.8.4/../../../../arm-none-eabi/lib/armv7e-m/fpu\libg_s.a(lib_a-stdio.o)
                0x00001e7a                __sclose
 .text.strlen   0x00001e82       0x10 c:/freescale/kds_v3/toolchain/bin/../lib/gcc/arm-none-eabi/4.8.4/../../../../arm-none-eabi/lib/armv7e-m/fpu\libg_s.a(lib_a-strlen.o)
                0x00001e82                strlen
 *fill*         0x00001e92        0x2 
 .text._write_r
                0x00001e94       0x24 c:/freescale/kds_v3/toolchain/bin/../lib/gcc/arm-none-eabi/4.8.4/../../../../arm-none-eabi/lib/armv7e-m/fpu\libg_s.a(lib_a-writer.o)
                0x00001e94                _write_r
 .text._close_r
                0x00001eb8       0x20 c:/freescale/kds_v3/toolchain/bin/../lib/gcc/arm-none-eabi/4.8.4/../../../../arm-none-eabi/lib/armv7e-m/fpu\libg_s.a(lib_a-closer.o)
                0x00001eb8                _close_r
 .text._fstat_r
                0x00001ed8       0x24 c:/freescale/kds_v3/toolchain/bin/../lib/gcc/arm-none-eabi/4.8.4/../../../../arm-none-eabi/lib/armv7e-m/fpu\libg_s.a(lib_a-fstatr.o)
                0x00001ed8                _fstat_r
 .text._isatty_r
                0x00001efc       0x20 c:/freescale/kds_v3/toolchain/bin/../lib/gcc/arm-none-eabi/4.8.4/../../../../arm-none-eabi/lib/armv7e-m/fpu\libg_s.a(lib_a-isattyr.o)
                0x00001efc                _isatty_r
 .text._lseek_r
                0x00001f1c       0x24 c:/freescale/kds_v3/toolchain/bin/../lib/gcc/arm-none-eabi/4.8.4/../../../../arm-none-eabi/lib/armv7e-m/fpu\libg_s.a(lib_a-lseekr.o)
                0x00001f1c                _lseek_r
 .text._malloc_usable_size_r
                0x00001f40       0x12 c:/freescale/kds_v3/toolchain/bin/../lib/gcc/arm-none-eabi/4.8.4/../../../../arm-none-eabi/lib/armv7e-m/fpu\libg_s.a(lib_a-nano-msizer.o)
                0x00001f40                _malloc_usable_size_r
 *fill*         0x00001f52        0x2 
 .text._read_r  0x00001f54       0x24 c:/freescale/kds_v3/toolchain/bin/../lib/gcc/arm-none-eabi/4.8.4/../../../../arm-none-eabi/lib/armv7e-m/fpu\libg_s.a(lib_a-readr.o)
                0x00001f54                _read_r
 .text._close   0x00001f78       0x10 c:/freescale/kds_v3/toolchain/bin/../lib/gcc/arm-none-eabi/4.8.4/../../../../arm-none-eabi/lib/armv7e-m/fpu\libnosys.a(close.o)
                0x00001f78                _close
 .text._fstat   0x00001f88       0x10 c:/freescale/kds_v3/toolchain/bin/../lib/gcc/arm-none-eabi/4.8.4/../../../../arm-none-eabi/lib/armv7e-m/fpu\libnosys.a(fstat.o)
                0x00001f88                _fstat
 .text._getpid  0x00001f98       0x10 c:/freescale/kds_v3/toolchain/bin/../lib/gcc/arm-none-eabi/4.8.4/../../../../arm-none-eabi/lib/armv7e-m/fpu\libnosys.a(getpid.o)
                0x00001f98                _getpid
 .text._isatty  0x00001fa8       0x10 c:/freescale/kds_v3/toolchain/bin/../lib/gcc/arm-none-eabi/4.8.4/../../../../arm-none-eabi/lib/armv7e-m/fpu\libnosys.a(isatty.o)
                0x00001fa8                _isatty
 .text._kill    0x00001fb8       0x10 c:/freescale/kds_v3/toolchain/bin/../lib/gcc/arm-none-eabi/4.8.4/../../../../arm-none-eabi/lib/armv7e-m/fpu\libnosys.a(kill.o)
                0x00001fb8                _kill
 .text._lseek   0x00001fc8       0x10 c:/freescale/kds_v3/toolchain/bin/../lib/gcc/arm-none-eabi/4.8.4/../../../../arm-none-eabi/lib/armv7e-m/fpu\libnosys.a(lseek.o)
                0x00001fc8                _lseek
 .text._read    0x00001fd8       0x10 c:/freescale/kds_v3/toolchain/bin/../lib/gcc/arm-none-eabi/4.8.4/../../../../arm-none-eabi/lib/armv7e-m/fpu\libnosys.a(read.o)
                0x00001fd8                _read
 .text._sbrk    0x00001fe8       0x34 c:/freescale/kds_v3/toolchain/bin/../lib/gcc/arm-none-eabi/4.8.4/../../../../arm-none-eabi/lib/armv7e-m/fpu\libnosys.a(sbrk.o)
                0x00001fe8                _sbrk
 .text._write   0x0000201c       0x10 c:/freescale/kds_v3/toolchain/bin/../lib/gcc/arm-none-eabi/4.8.4/../../../../arm-none-eabi/lib/armv7e-m/fpu\libnosys.a(write.o)
                0x0000201c                _write
 .text._exit    0x0000202c        0x4 c:/freescale/kds_v3/toolchain/bin/../lib/gcc/arm-none-eabi/4.8.4/../../../../arm-none-eabi/lib/armv7e-m/fpu\libnosys.a(_exit.o)
                0x0000202c                _exit
 *(.rodata)
 .rodata        0x00002030      0x130 ./Sources/main.o
 *(.rodata*)
 .rodata.adc1_config
                0x00002160        0xc ./Sources/main.o
                0x00002160                adc1_config
 .rodata.__func__.6300
                0x0000216c       0x14 ./Sources/main.o
 .rodata.str1.1
                0x00002180       0x3c c:/freescale/kds_v3/toolchain/bin/../lib/gcc/arm-none-eabi/4.8.4/../../../../arm-none-eabi/lib/armv7e-m/fpu\libg_s.a(lib_a-assert.o)
                                 0x3d (size before relaxing)
 .rodata.str1.1
                0x000021bc        0x2 c:/freescale/kds_v3/toolchain/bin/../lib/gcc/arm-none-eabi/4.8.4/../../../../arm-none-eabi/lib/armv7e-m/fpu\libg_s.a(lib_a-impure.o)
 *fill*         0x000021be        0x2 
 .rodata._global_impure_ptr
                0x000021c0        0x4 c:/freescale/kds_v3/toolchain/bin/../lib/gcc/arm-none-eabi/4.8.4/../../../../arm-none-eabi/lib/armv7e-m/fpu\libg_s.a(lib_a-impure.o)
                0x000021c0                _global_impure_ptr
 .rodata.str1.1
                0x000021c4       0x11 c:/freescale/kds_v3/toolchain/bin/../lib/gcc/arm-none-eabi/4.8.4/../../../../arm-none-eabi/lib/armv7e-m/fpu\libg_s.a(lib_a-svfprintf.o)
 .rodata.str1.1
                0x00000000       0x11 c:/freescale/kds_v3/toolchain/bin/../lib/gcc/arm-none-eabi/4.8.4/../../../../arm-none-eabi/lib/armv7e-m/fpu\libg_s.a(lib_a-vfprintf.o)
 .rodata.str1.1
                0x000021d5       0x22 c:/freescale/kds_v3/toolchain/bin/../lib/gcc/arm-none-eabi/4.8.4/../../../../arm-none-eabi/lib/armv7e-m/fpu\libg_s.a(lib_a-vfprintf_i.o)
 *fill*         0x000021f7        0x1 
 .rodata.__sf_fake_stdin
                0x000021f8       0x20 c:/freescale/kds_v3/toolchain/bin/../lib/gcc/arm-none-eabi/4.8.4/../../../../arm-none-eabi/lib/armv7e-m/fpu\libg_s.a(lib_a-findfp.o)
                0x000021f8                __sf_fake_stdin
 .rodata.__sf_fake_stdout
                0x00002218       0x20 c:/freescale/kds_v3/toolchain/bin/../lib/gcc/arm-none-eabi/4.8.4/../../../../arm-none-eabi/lib/armv7e-m/fpu\libg_s.a(lib_a-findfp.o)
                0x00002218                __sf_fake_stdout
 .rodata.__sf_fake_stderr
                0x00002238       0x20 c:/freescale/kds_v3/toolchain/bin/../lib/gcc/arm-none-eabi/4.8.4/../../../../arm-none-eabi/lib/armv7e-m/fpu\libg_s.a(lib_a-findfp.o)
                0x00002238                __sf_fake_stderr
 *(.glue_7)
 .glue_7        0x00000000        0x0 linker stubs
 *(.glue_7t)
 .glue_7t       0x00000000        0x0 linker stubs
 *(.eh_frame)
 .eh_frame      0x00002258        0x0 c:/freescale/kds_v3/toolchain/bin/../lib/gcc/arm-none-eabi/4.8.4/armv7e-m/fpu/crtbegin.o
 *(.init)
 .init          0x00002258        0x4 c:/freescale/kds_v3/toolchain/bin/../lib/gcc/arm-none-eabi/4.8.4/armv7e-m/fpu/crti.o
                0x00002258                _init
 .init          0x0000225c        0x8 c:/freescale/kds_v3/toolchain/bin/../lib/gcc/arm-none-eabi/4.8.4/armv7e-m/fpu/crtn.o
 *(.fini)
 .fini          0x00002264        0x4 c:/freescale/kds_v3/toolchain/bin/../lib/gcc/arm-none-eabi/4.8.4/armv7e-m/fpu/crti.o
                0x00002264                _fini
 .fini          0x00002268        0x8 c:/freescale/kds_v3/toolchain/bin/../lib/gcc/arm-none-eabi/4.8.4/armv7e-m/fpu/crtn.o
                0x00002270                . = ALIGN (0x4)

.vfp11_veneer   0x00002270        0x0
 .vfp11_veneer  0x00000000        0x0 linker stubs

.v4_bx          0x00002270        0x0
 .v4_bx         0x00000000        0x0 linker stubs

.iplt           0x00002270        0x0
 .iplt          0x00000000        0x0 c:/freescale/kds_v3/toolchain/bin/../lib/gcc/arm-none-eabi/4.8.4/armv7e-m/fpu/crtbegin.o

.ARM.extab
 *(.ARM.extab* .gnu.linkonce.armextab.*)

.ARM            0x00002270        0x8
                0x00002270                __exidx_start = .
 *(.ARM.exidx*)
 .ARM.exidx     0x00002270        0x8 c:/freescale/kds_v3/toolchain/bin/../lib/gcc/arm-none-eabi/4.8.4/../../../../arm-none-eabi/lib/armv7e-m/fpu/crt0.o
                0x00002278                __exidx_end = .

.rel.dyn        0x00002278        0x0
 .rel.iplt      0x00000000        0x0 c:/freescale/kds_v3/toolchain/bin/../lib/gcc/arm-none-eabi/4.8.4/armv7e-m/fpu/crtbegin.o

.ctors          0x00002278        0x0
                0x00002278                __CTOR_LIST__ = .
 *crtbegin.o(.ctors)
 *crtbegin?.o(.ctors)
 *(EXCLUDE_FILE(*crtend.o *crtend?.o) .ctors)
 *(SORT(.ctors.*))
 *(.ctors)
                0x00002278                __CTOR_END__ = .

.dtors          0x00002278        0x0
                0x00002278                __DTOR_LIST__ = .
 *crtbegin.o(.dtors)
 *crtbegin?.o(.dtors)
 *(EXCLUDE_FILE(*crtend.o *crtend?.o) .dtors)
 *(SORT(.dtors.*))
 *(.dtors)
                0x00002278                __DTOR_END__ = .

.preinit_array  0x00002278        0x0
                0x00002278                PROVIDE (__preinit_array_start, .)
 *(.preinit_array*)
                0x00002278                PROVIDE (__preinit_array_end, .)

.init_array     0x00002278        0x4
                0x00002278                PROVIDE (__init_array_start, .)
 *(SORT(.init_array.*))
 *(.init_array*)
 .init_array    0x00002278        0x4 c:/freescale/kds_v3/toolchain/bin/../lib/gcc/arm-none-eabi/4.8.4/armv7e-m/fpu/crtbegin.o
                0x0000227c                PROVIDE (__init_array_end, .)

.fini_array     0x0000227c        0x4
                0x0000227c                PROVIDE (__fini_array_start, .)
 *(SORT(.fini_array.*))
 *(.fini_array*)
 .fini_array    0x0000227c        0x4 c:/freescale/kds_v3/toolchain/bin/../lib/gcc/arm-none-eabi/4.8.4/armv7e-m/fpu/crtbegin.o
                0x00002280                PROVIDE (__fini_array_end, .)
                0x00002280                __etext = .
                0x00002280                __DATA_ROM = .

.interrupts_ram
                0x1fff0000        0x0
                0x1fff0000                . = ALIGN (0x4)
                0x1fff0000                __VECTOR_RAM__ = .
                0x1fff0000                __interrupts_ram_start__ = .
 *(.m_interrupts_ram)
                0x1fff0000                . = (. + M_VECTOR_RAM_SIZE)
                0x1fff0000                . = ALIGN (0x4)
                0x1fff0000                __interrupts_ram_end__ = .
                0x00000000                __VECTOR_RAM = DEFINED (__ram_vector_table__)?__VECTOR_RAM__:ORIGIN (m_interrupts)
                0x00000000                __RAM_VECTOR_TABLE_SIZE_BYTES = DEFINED (__ram_vector_table__)?(__interrupts_ram_end__ - __interrupts_ram_start__):0x0

.data           0x1fff0000       0x68 load address 0x00002280
                0x1fff0000                . = ALIGN (0x4)
                0x1fff0000                __DATA_RAM = .
                0x1fff0000                __data_start__ = .
 *(.data)
 *(.data*)
 .data.impure_data
                0x1fff0000       0x60 c:/freescale/kds_v3/toolchain/bin/../lib/gcc/arm-none-eabi/4.8.4/../../../../arm-none-eabi/lib/armv7e-m/fpu\libg_s.a(lib_a-impure.o)
 .data._impure_ptr
                0x1fff0060        0x4 c:/freescale/kds_v3/toolchain/bin/../lib/gcc/arm-none-eabi/4.8.4/../../../../arm-none-eabi/lib/armv7e-m/fpu\libg_s.a(lib_a-impure.o)
                0x1fff0060                _impure_ptr
 *(.jcr*)
 .jcr           0x1fff0064        0x0 c:/freescale/kds_v3/toolchain/bin/../lib/gcc/arm-none-eabi/4.8.4/armv7e-m/fpu/crtbegin.o
 .jcr           0x1fff0064        0x4 c:/freescale/kds_v3/toolchain/bin/../lib/gcc/arm-none-eabi/4.8.4/armv7e-m/fpu/crtend.o
                0x1fff0068                . = ALIGN (0x4)
                0x1fff0068                __data_end__ = .
                0x000022e8                __DATA_END = (__DATA_ROM + (__data_end__ - __data_start__))
                0x00100000                text_end = (ORIGIN (m_text) + 0xffbf0)
                0x00000001                ASSERT ((__DATA_END <= text_end), region m_text overflowed with text and data)

.igot.plt       0x1fff0068        0x0 load address 0x000022e8
 .igot.plt      0x00000000        0x0 c:/freescale/kds_v3/toolchain/bin/../lib/gcc/arm-none-eabi/4.8.4/armv7e-m/fpu/crtbegin.o

.bss            0x1fff0068       0x2c load address 0x000022e8
                0x1fff0068                . = ALIGN (0x4)
                0x1fff0068                __START_BSS = .
                0x1fff0068                __bss_start__ = .
 *(.bss)
 .bss           0x1fff0068       0x1c c:/freescale/kds_v3/toolchain/bin/../lib/gcc/arm-none-eabi/4.8.4/armv7e-m/fpu/crtbegin.o
 *(.bss*)
 .bss.__malloc_sbrk_start
                0x1fff0084        0x4 c:/freescale/kds_v3/toolchain/bin/../lib/gcc/arm-none-eabi/4.8.4/../../../../arm-none-eabi/lib/armv7e-m/fpu\libg_s.a(lib_a-nano-mallocr.o)
                0x1fff0084                __malloc_sbrk_start
 .bss.__malloc_free_list
                0x1fff0088        0x4 c:/freescale/kds_v3/toolchain/bin/../lib/gcc/arm-none-eabi/4.8.4/../../../../arm-none-eabi/lib/armv7e-m/fpu\libg_s.a(lib_a-nano-mallocr.o)
                0x1fff0088                __malloc_free_list
 .bss.heap_end.4246
                0x1fff008c        0x4 c:/freescale/kds_v3/toolchain/bin/../lib/gcc/arm-none-eabi/4.8.4/../../../../arm-none-eabi/lib/armv7e-m/fpu\libnosys.a(sbrk.o)
 *(COMMON)
 COMMON         0x1fff0090        0x4 c:/freescale/kds_v3/toolchain/bin/../lib/gcc/arm-none-eabi/4.8.4/../../../../arm-none-eabi/lib/armv7e-m/fpu\libg_s.a(lib_a-reent.o)
                0x1fff0090                errno
                0x1fff0094                . = ALIGN (0x4)
                0x1fff0094                __bss_end__ = .
                0x1fff0094                __END_BSS = .

.heap           0x20000000      0x400
                0x20000000                . = ALIGN (0x8)
                0x20000000                __end__ = .
                0x20000000                PROVIDE (end, .)
                0x20000000                __HeapBase = .
                0x20000400                . = (. + HEAP_SIZE)
 *fill*         0x20000000      0x400 
                0x20000400                __HeapLimit = .

.stack          0x20000400      0x400
                0x20000400                . = ALIGN (0x8)
                0x20000800                . = (. + STACK_SIZE)
 *fill*         0x20000400      0x400 
                0x20030000                __StackTop = (ORIGIN (m_data_2) + 0x30000)
                0x2002fc00                __StackLimit = (__StackTop - STACK_SIZE)
                0x20030000                PROVIDE (__stack, __StackTop)

.ARM.attributes
                0x00000000       0x30
 *(.ARM.attributes)
 .ARM.attributes
                0x00000000       0x22 c:/freescale/kds_v3/toolchain/bin/../lib/gcc/arm-none-eabi/4.8.4/armv7e-m/fpu/crti.o
 .ARM.attributes
                0x00000022       0x34 c:/freescale/kds_v3/toolchain/bin/../lib/gcc/arm-none-eabi/4.8.4/armv7e-m/fpu/crtbegin.o
 .ARM.attributes
                0x00000056       0x20 c:/freescale/kds_v3/toolchain/bin/../lib/gcc/arm-none-eabi/4.8.4/../../../../arm-none-eabi/lib/armv7e-m/fpu/crt0.o
 .ARM.attributes
                0x00000076       0x39 ./Sources/main.o
 .ARM.attributes
                0x000000af       0x39 ./Project_Settings/Startup_Code/startup.o
 .ARM.attributes
                0x000000e8       0x1f ./Project_Settings/Startup_Code/startup_MK64F12.o
 .ARM.attributes
                0x00000107       0x39 ./Project_Settings/Startup_Code/system_MK64F12.o
 .ARM.attributes
                0x00000140       0x39 C:\Freescale\KSDK_1.3.0\lib\ksdk_platform_lib\kds\K64F12\debug\libksdk_platform.a(fsl_uart_hal.o)
 .ARM.attributes
                0x00000179       0x39 C:\Freescale\KSDK_1.3.0\lib\ksdk_platform_lib\kds\K64F12\debug\libksdk_platform.a(fsl_adc16_hal.o)
 .ARM.attributes
                0x000001b2       0x34 c:/freescale/kds_v3/toolchain/bin/../lib/gcc/arm-none-eabi/4.8.4/../../../../arm-none-eabi/lib/armv7e-m/fpu\libg_s.a(lib_a-assert.o)
 .ARM.attributes
                0x000001e6       0x34 c:/freescale/kds_v3/toolchain/bin/../lib/gcc/arm-none-eabi/4.8.4/../../../../arm-none-eabi/lib/armv7e-m/fpu\libg_s.a(lib_a-exit.o)
 .ARM.attributes
                0x0000021a       0x34 c:/freescale/kds_v3/toolchain/bin/../lib/gcc/arm-none-eabi/4.8.4/../../../../arm-none-eabi/lib/armv7e-m/fpu\libg_s.a(lib_a-fprintf.o)
 .ARM.attributes
                0x0000024e       0x34 c:/freescale/kds_v3/toolchain/bin/../lib/gcc/arm-none-eabi/4.8.4/../../../../arm-none-eabi/lib/armv7e-m/fpu\libg_s.a(lib_a-impure.o)
 .ARM.attributes
                0x00000282       0x34 c:/freescale/kds_v3/toolchain/bin/../lib/gcc/arm-none-eabi/4.8.4/../../../../arm-none-eabi/lib/armv7e-m/fpu\libg_s.a(lib_a-init.o)
 .ARM.attributes
                0x000002b6       0x34 c:/freescale/kds_v3/toolchain/bin/../lib/gcc/arm-none-eabi/4.8.4/../../../../arm-none-eabi/lib/armv7e-m/fpu\libg_s.a(lib_a-memset.o)
 .ARM.attributes
                0x000002ea       0x34 c:/freescale/kds_v3/toolchain/bin/../lib/gcc/arm-none-eabi/4.8.4/../../../../arm-none-eabi/lib/armv7e-m/fpu\libg_s.a(lib_a-sprintf.o)
 .ARM.attributes
                0x0000031e       0x34 c:/freescale/kds_v3/toolchain/bin/../lib/gcc/arm-none-eabi/4.8.4/../../../../arm-none-eabi/lib/armv7e-m/fpu\libg_s.a(lib_a-svfprintf.o)
 .ARM.attributes
                0x00000352       0x34 c:/freescale/kds_v3/toolchain/bin/../lib/gcc/arm-none-eabi/4.8.4/../../../../arm-none-eabi/lib/armv7e-m/fpu\libg_s.a(lib_a-vfprintf.o)
 .ARM.attributes
                0x00000386       0x34 c:/freescale/kds_v3/toolchain/bin/../lib/gcc/arm-none-eabi/4.8.4/../../../../arm-none-eabi/lib/armv7e-m/fpu\libg_s.a(lib_a-vfprintf_i.o)
 .ARM.attributes
                0x000003ba       0x34 c:/freescale/kds_v3/toolchain/bin/../lib/gcc/arm-none-eabi/4.8.4/../../../../arm-none-eabi/lib/armv7e-m/fpu\libg_s.a(lib_a-wbuf.o)
 .ARM.attributes
                0x000003ee       0x34 c:/freescale/kds_v3/toolchain/bin/../lib/gcc/arm-none-eabi/4.8.4/../../../../arm-none-eabi/lib/armv7e-m/fpu\libg_s.a(lib_a-wsetup.o)
 .ARM.attributes
                0x00000422       0x34 c:/freescale/kds_v3/toolchain/bin/../lib/gcc/arm-none-eabi/4.8.4/../../../../arm-none-eabi/lib/armv7e-m/fpu\libg_s.a(lib_a-abort.o)
 .ARM.attributes
                0x00000456       0x34 c:/freescale/kds_v3/toolchain/bin/../lib/gcc/arm-none-eabi/4.8.4/../../../../arm-none-eabi/lib/armv7e-m/fpu\libg_s.a(lib_a-fflush.o)
 .ARM.attributes
                0x0000048a       0x34 c:/freescale/kds_v3/toolchain/bin/../lib/gcc/arm-none-eabi/4.8.4/../../../../arm-none-eabi/lib/armv7e-m/fpu\libg_s.a(lib_a-findfp.o)
 .ARM.attributes
                0x000004be       0x34 c:/freescale/kds_v3/toolchain/bin/../lib/gcc/arm-none-eabi/4.8.4/../../../../arm-none-eabi/lib/armv7e-m/fpu\libg_s.a(lib_a-makebuf.o)
 .ARM.attributes
                0x000004f2       0x34 c:/freescale/kds_v3/toolchain/bin/../lib/gcc/arm-none-eabi/4.8.4/../../../../arm-none-eabi/lib/armv7e-m/fpu\libg_s.a(lib_a-memchr-stub.o)
 .ARM.attributes
                0x00000526       0x34 c:/freescale/kds_v3/toolchain/bin/../lib/gcc/arm-none-eabi/4.8.4/../../../../arm-none-eabi/lib/armv7e-m/fpu\libg_s.a(lib_a-memcpy-stub.o)
 .ARM.attributes
                0x0000055a       0x34 c:/freescale/kds_v3/toolchain/bin/../lib/gcc/arm-none-eabi/4.8.4/../../../../arm-none-eabi/lib/armv7e-m/fpu\libg_s.a(lib_a-memmove.o)
 .ARM.attributes
                0x0000058e       0x34 c:/freescale/kds_v3/toolchain/bin/../lib/gcc/arm-none-eabi/4.8.4/../../../../arm-none-eabi/lib/armv7e-m/fpu\libg_s.a(lib_a-nano-freer.o)
 .ARM.attributes
                0x000005c2       0x34 c:/freescale/kds_v3/toolchain/bin/../lib/gcc/arm-none-eabi/4.8.4/../../../../arm-none-eabi/lib/armv7e-m/fpu\libg_s.a(lib_a-nano-mallocr.o)
 .ARM.attributes
                0x000005f6       0x34 c:/freescale/kds_v3/toolchain/bin/../lib/gcc/arm-none-eabi/4.8.4/../../../../arm-none-eabi/lib/armv7e-m/fpu\libg_s.a(lib_a-nano-reallocr.o)
 .ARM.attributes
                0x0000062a       0x34 c:/freescale/kds_v3/toolchain/bin/../lib/gcc/arm-none-eabi/4.8.4/../../../../arm-none-eabi/lib/armv7e-m/fpu\libg_s.a(lib_a-sbrkr.o)
 .ARM.attributes
                0x0000065e       0x34 c:/freescale/kds_v3/toolchain/bin/../lib/gcc/arm-none-eabi/4.8.4/../../../../arm-none-eabi/lib/armv7e-m/fpu\libg_s.a(lib_a-signal.o)
 .ARM.attributes
                0x00000692       0x34 c:/freescale/kds_v3/toolchain/bin/../lib/gcc/arm-none-eabi/4.8.4/../../../../arm-none-eabi/lib/armv7e-m/fpu\libg_s.a(lib_a-signalr.o)
 .ARM.attributes
                0x000006c6       0x34 c:/freescale/kds_v3/toolchain/bin/../lib/gcc/arm-none-eabi/4.8.4/../../../../arm-none-eabi/lib/armv7e-m/fpu\libg_s.a(lib_a-stdio.o)
 .ARM.attributes
                0x000006fa       0x34 c:/freescale/kds_v3/toolchain/bin/../lib/gcc/arm-none-eabi/4.8.4/../../../../arm-none-eabi/lib/armv7e-m/fpu\libg_s.a(lib_a-strlen.o)
 .ARM.attributes
                0x0000072e       0x34 c:/freescale/kds_v3/toolchain/bin/../lib/gcc/arm-none-eabi/4.8.4/../../../../arm-none-eabi/lib/armv7e-m/fpu\libg_s.a(lib_a-writer.o)
 .ARM.attributes
                0x00000762       0x34 c:/freescale/kds_v3/toolchain/bin/../lib/gcc/arm-none-eabi/4.8.4/../../../../arm-none-eabi/lib/armv7e-m/fpu\libg_s.a(lib_a-closer.o)
 .ARM.attributes
                0x00000796       0x34 c:/freescale/kds_v3/toolchain/bin/../lib/gcc/arm-none-eabi/4.8.4/../../../../arm-none-eabi/lib/armv7e-m/fpu\libg_s.a(lib_a-fstatr.o)
 .ARM.attributes
                0x000007ca       0x34 c:/freescale/kds_v3/toolchain/bin/../lib/gcc/arm-none-eabi/4.8.4/../../../../arm-none-eabi/lib/armv7e-m/fpu\libg_s.a(lib_a-isattyr.o)
 .ARM.attributes
                0x000007fe       0x34 c:/freescale/kds_v3/toolchain/bin/../lib/gcc/arm-none-eabi/4.8.4/../../../../arm-none-eabi/lib/armv7e-m/fpu\libg_s.a(lib_a-lseekr.o)
 .ARM.attributes
                0x00000832       0x34 c:/freescale/kds_v3/toolchain/bin/../lib/gcc/arm-none-eabi/4.8.4/../../../../arm-none-eabi/lib/armv7e-m/fpu\libg_s.a(lib_a-nano-msizer.o)
 .ARM.attributes
                0x00000866       0x34 c:/freescale/kds_v3/toolchain/bin/../lib/gcc/arm-none-eabi/4.8.4/../../../../arm-none-eabi/lib/armv7e-m/fpu\libg_s.a(lib_a-readr.o)
 .ARM.attributes
                0x0000089a       0x34 c:/freescale/kds_v3/toolchain/bin/../lib/gcc/arm-none-eabi/4.8.4/../../../../arm-none-eabi/lib/armv7e-m/fpu\libg_s.a(lib_a-reent.o)
 .ARM.attributes
                0x000008ce       0x34 c:/freescale/kds_v3/toolchain/bin/../lib/gcc/arm-none-eabi/4.8.4/../../../../arm-none-eabi/lib/armv7e-m/fpu\libnosys.a(close.o)
 .ARM.attributes
                0x00000902       0x34 c:/freescale/kds_v3/toolchain/bin/../lib/gcc/arm-none-eabi/4.8.4/../../../../arm-none-eabi/lib/armv7e-m/fpu\libnosys.a(fstat.o)
 .ARM.attributes
                0x00000936       0x34 c:/freescale/kds_v3/toolchain/bin/../lib/gcc/arm-none-eabi/4.8.4/../../../../arm-none-eabi/lib/armv7e-m/fpu\libnosys.a(getpid.o)
 .ARM.attributes
                0x0000096a       0x34 c:/freescale/kds_v3/toolchain/bin/../lib/gcc/arm-none-eabi/4.8.4/../../../../arm-none-eabi/lib/armv7e-m/fpu\libnosys.a(isatty.o)
 .ARM.attributes
                0x0000099e       0x34 c:/freescale/kds_v3/toolchain/bin/../lib/gcc/arm-none-eabi/4.8.4/../../../../arm-none-eabi/lib/armv7e-m/fpu\libnosys.a(kill.o)
 .ARM.attributes
                0x000009d2       0x34 c:/freescale/kds_v3/toolchain/bin/../lib/gcc/arm-none-eabi/4.8.4/../../../../arm-none-eabi/lib/armv7e-m/fpu\libnosys.a(lseek.o)
 .ARM.attributes
                0x00000a06       0x34 c:/freescale/kds_v3/toolchain/bin/../lib/gcc/arm-none-eabi/4.8.4/../../../../arm-none-eabi/lib/armv7e-m/fpu\libnosys.a(read.o)
 .ARM.attributes
                0x00000a3a       0x34 c:/freescale/kds_v3/toolchain/bin/../lib/gcc/arm-none-eabi/4.8.4/../../../../arm-none-eabi/lib/armv7e-m/fpu\libnosys.a(sbrk.o)
 .ARM.attributes
                0x00000a6e       0x34 c:/freescale/kds_v3/toolchain/bin/../lib/gcc/arm-none-eabi/4.8.4/../../../../arm-none-eabi/lib/armv7e-m/fpu\libnosys.a(write.o)
 .ARM.attributes
                0x00000aa2       0x34 c:/freescale/kds_v3/toolchain/bin/../lib/gcc/arm-none-eabi/4.8.4/../../../../arm-none-eabi/lib/armv7e-m/fpu\libnosys.a(_exit.o)
 .ARM.attributes
                0x00000ad6       0x34 c:/freescale/kds_v3/toolchain/bin/../lib/gcc/arm-none-eabi/4.8.4/armv7e-m/fpu/crtend.o
 .ARM.attributes
                0x00000b0a       0x22 c:/freescale/kds_v3/toolchain/bin/../lib/gcc/arm-none-eabi/4.8.4/armv7e-m/fpu/crtn.o
                0x00000001                ASSERT ((__StackLimit >= __HeapLimit), region m_data_2 overflowed with stack and heap)
OUTPUT(light_motor.elf elf32-littlearm)

.debug_info     0x00000000     0x333c
 .debug_info    0x00000000     0x11fb ./Sources/main.o
 .debug_info    0x000011fb      0x3a7 ./Project_Settings/Startup_Code/startup.o
 .debug_info    0x000015a2       0x93 ./Project_Settings/Startup_Code/startup_MK64F12.o
 .debug_info    0x00001635      0x610 ./Project_Settings/Startup_Code/system_MK64F12.o
 .debug_info    0x00001c45      0xe9a C:\Freescale\KSDK_1.3.0\lib\ksdk_platform_lib\kds\K64F12\debug\libksdk_platform.a(fsl_uart_hal.o)
 .debug_info    0x00002adf      0x85d C:\Freescale\KSDK_1.3.0\lib\ksdk_platform_lib\kds\K64F12\debug\libksdk_platform.a(fsl_adc16_hal.o)

.debug_abbrev   0x00000000      0x8cf
 .debug_abbrev  0x00000000      0x2d2 ./Sources/main.o
 .debug_abbrev  0x000002d2       0xfa ./Project_Settings/Startup_Code/startup.o
 .debug_abbrev  0x000003cc       0x14 ./Project_Settings/Startup_Code/startup_MK64F12.o
 .debug_abbrev  0x000003e0      0x11a ./Project_Settings/Startup_Code/system_MK64F12.o
 .debug_abbrev  0x000004fa      0x225 C:\Freescale\KSDK_1.3.0\lib\ksdk_platform_lib\kds\K64F12\debug\libksdk_platform.a(fsl_uart_hal.o)
 .debug_abbrev  0x0000071f      0x1b0 C:\Freescale\KSDK_1.3.0\lib\ksdk_platform_lib\kds\K64F12\debug\libksdk_platform.a(fsl_adc16_hal.o)

.debug_aranges  0x00000000      0x2a0
 .debug_aranges
                0x00000000       0xb8 ./Sources/main.o
 .debug_aranges
                0x000000b8       0x20 ./Project_Settings/Startup_Code/startup.o
 .debug_aranges
                0x000000d8       0x20 ./Project_Settings/Startup_Code/startup_MK64F12.o
 .debug_aranges
                0x000000f8       0x28 ./Project_Settings/Startup_Code/system_MK64F12.o
 .debug_aranges
                0x00000120      0x130 C:\Freescale\KSDK_1.3.0\lib\ksdk_platform_lib\kds\K64F12\debug\libksdk_platform.a(fsl_uart_hal.o)
 .debug_aranges
                0x00000250       0x50 C:\Freescale\KSDK_1.3.0\lib\ksdk_platform_lib\kds\K64F12\debug\libksdk_platform.a(fsl_adc16_hal.o)

.debug_ranges   0x00000000      0x230
 .debug_ranges  0x00000000       0xa8 ./Sources/main.o
 .debug_ranges  0x000000a8       0x10 ./Project_Settings/Startup_Code/startup.o
 .debug_ranges  0x000000b8       0x18 ./Project_Settings/Startup_Code/system_MK64F12.o
 .debug_ranges  0x000000d0      0x120 C:\Freescale\KSDK_1.3.0\lib\ksdk_platform_lib\kds\K64F12\debug\libksdk_platform.a(fsl_uart_hal.o)
 .debug_ranges  0x000001f0       0x40 C:\Freescale\KSDK_1.3.0\lib\ksdk_platform_lib\kds\K64F12\debug\libksdk_platform.a(fsl_adc16_hal.o)

.debug_macro    0x00000000    0x313dc
 .debug_macro   0x00000000      0x24f ./Sources/main.o
 .debug_macro   0x0000024f      0x856 ./Sources/main.o
 .debug_macro   0x00000aa5       0x11 ./Sources/main.o
 .debug_macro   0x00000ab6       0x16 ./Sources/main.o
 .debug_macro   0x00000acc       0x16 ./Sources/main.o
 .debug_macro   0x00000ae2       0x44 ./Sources/main.o
 .debug_macro   0x00000b26      0x209 ./Sources/main.o
 .debug_macro   0x00000d2f       0x56 ./Sources/main.o
 .debug_macro   0x00000d85       0x3b ./Sources/main.o
 .debug_macro   0x00000dc0       0x34 ./Sources/main.o
 .debug_macro   0x00000df4       0x26 ./Sources/main.o
 .debug_macro   0x00000e1a      0xd1d ./Sources/main.o
 .debug_macro   0x00001b37       0x78 ./Sources/main.o
 .debug_macro   0x00001baf    0x1773b ./Sources/main.o
 .debug_macro   0x000192ea       0x58 ./Sources/main.o
 .debug_macro   0x00019342       0x35 ./Sources/main.o
 .debug_macro   0x00019377       0xa3 ./Sources/main.o
 .debug_macro   0x0001941a       0x16 ./Sources/main.o
 .debug_macro   0x00019430      0x10e ./Sources/main.o
 .debug_macro   0x0001953e       0x7f ./Sources/main.o
 .debug_macro   0x000195bd       0x52 ./Sources/main.o
 .debug_macro   0x0001960f       0x16 ./Sources/main.o
 .debug_macro   0x00019625       0x43 ./Sources/main.o
 .debug_macro   0x00019668      0x180 ./Sources/main.o
 .debug_macro   0x000197e8       0x22 ./Sources/main.o
 .debug_macro   0x0001980a       0x16 ./Sources/main.o
 .debug_macro   0x00019820    0x16273 ./Sources/main.o
 .debug_macro   0x0002fa93     0x1182 ./Sources/main.o
 .debug_macro   0x00030c15       0x16 ./Sources/main.o
 .debug_macro   0x00030c2b       0x22 ./Sources/main.o
 .debug_macro   0x00030c4d       0x10 ./Sources/main.o
 .debug_macro   0x00030c5d       0x11 ./Sources/main.o
 .debug_macro   0x00030c6e       0x1c ./Sources/main.o
 .debug_macro   0x00030c8a       0x35 ./Sources/main.o
 .debug_macro   0x00030cbf       0x10 ./Sources/main.o
 .debug_macro   0x00030ccf       0x10 ./Sources/main.o
 .debug_macro   0x00030cdf       0x22 ./Sources/main.o
 .debug_macro   0x00030d01       0xbd ./Sources/main.o
 .debug_macro   0x00030dbe       0x16 ./Sources/main.o
 .debug_macro   0x00030dd4      0x14a ./Sources/main.o
 .debug_macro   0x00030f1e      0x183 ./Sources/main.o
 .debug_macro   0x000310a1      0x171 ./Project_Settings/Startup_Code/startup.o
 .debug_macro   0x00031212      0x162 ./Project_Settings/Startup_Code/system_MK64F12.o
 .debug_macro   0x00031374       0x68 ./Project_Settings/Startup_Code/system_MK64F12.o

.debug_line     0x00000000     0x173e
 .debug_line    0x00000000      0x781 ./Sources/main.o
 .debug_line    0x00000781      0x369 ./Project_Settings/Startup_Code/startup.o
 .debug_line    0x00000aea       0x6a ./Project_Settings/Startup_Code/startup_MK64F12.o
 .debug_line    0x00000b54      0x39c ./Project_Settings/Startup_Code/system_MK64F12.o
 .debug_line    0x00000ef0      0x62c C:\Freescale\KSDK_1.3.0\lib\ksdk_platform_lib\kds\K64F12\debug\libksdk_platform.a(fsl_uart_hal.o)
 .debug_line    0x0000151c      0x222 C:\Freescale\KSDK_1.3.0\lib\ksdk_platform_lib\kds\K64F12\debug\libksdk_platform.a(fsl_adc16_hal.o)

.debug_str      0x00000000   0x19f7db
 .debug_str     0x00000000   0x19e760 ./Sources/main.o
                             0x19e9f2 (size before relaxing)
 .debug_str     0x0019e760      0x15e ./Project_Settings/Startup_Code/startup.o
                             0x19ca81 (size before relaxing)
 .debug_str     0x0019e8be       0xea ./Project_Settings/Startup_Code/system_MK64F12.o
                             0x19cb3c (size before relaxing)
 .debug_str     0x0019e9a8      0xbcc C:\Freescale\KSDK_1.3.0\lib\ksdk_platform_lib\kds\K64F12\debug\libksdk_platform.a(fsl_uart_hal.o)
                                0xea9 (size before relaxing)
 .debug_str     0x0019f574      0x267 C:\Freescale\KSDK_1.3.0\lib\ksdk_platform_lib\kds\K64F12\debug\libksdk_platform.a(fsl_adc16_hal.o)
                                0xbc6 (size before relaxing)

.comment        0x00000000       0x70
 .comment       0x00000000       0x70 ./Sources/main.o
                                 0x71 (size before relaxing)
 .comment       0x00000000       0x71 ./Project_Settings/Startup_Code/startup.o
 .comment       0x00000000       0x71 ./Project_Settings/Startup_Code/system_MK64F12.o
 .comment       0x00000000       0x71 C:\Freescale\KSDK_1.3.0\lib\ksdk_platform_lib\kds\K64F12\debug\libksdk_platform.a(fsl_uart_hal.o)
 .comment       0x00000000       0x71 C:\Freescale\KSDK_1.3.0\lib\ksdk_platform_lib\kds\K64F12\debug\libksdk_platform.a(fsl_adc16_hal.o)

.debug_frame    0x00000000     0x1268
 .debug_frame   0x00000000      0x26c ./Sources/main.o
 .debug_frame   0x0000026c       0x2c ./Project_Settings/Startup_Code/startup.o
 .debug_frame   0x00000298       0x44 ./Project_Settings/Startup_Code/system_MK64F12.o
 .debug_frame   0x000002dc      0x3f4 C:\Freescale\KSDK_1.3.0\lib\ksdk_platform_lib\kds\K64F12\debug\libksdk_platform.a(fsl_uart_hal.o)
 .debug_frame   0x000006d0       0xd8 C:\Freescale\KSDK_1.3.0\lib\ksdk_platform_lib\kds\K64F12\debug\libksdk_platform.a(fsl_adc16_hal.o)
 .debug_frame   0x000007a8       0x48 c:/freescale/kds_v3/toolchain/bin/../lib/gcc/arm-none-eabi/4.8.4/../../../../arm-none-eabi/lib/armv7e-m/fpu\libg_s.a(lib_a-assert.o)
 .debug_frame   0x000007f0       0x28 c:/freescale/kds_v3/toolchain/bin/../lib/gcc/arm-none-eabi/4.8.4/../../../../arm-none-eabi/lib/armv7e-m/fpu\libg_s.a(lib_a-exit.o)
 .debug_frame   0x00000818       0x58 c:/freescale/kds_v3/toolchain/bin/../lib/gcc/arm-none-eabi/4.8.4/../../../../arm-none-eabi/lib/armv7e-m/fpu\libg_s.a(lib_a-fprintf.o)
 .debug_frame   0x00000870       0x2c c:/freescale/kds_v3/toolchain/bin/../lib/gcc/arm-none-eabi/4.8.4/../../../../arm-none-eabi/lib/armv7e-m/fpu\libg_s.a(lib_a-init.o)
 .debug_frame   0x0000089c       0x20 c:/freescale/kds_v3/toolchain/bin/../lib/gcc/arm-none-eabi/4.8.4/../../../../arm-none-eabi/lib/armv7e-m/fpu\libg_s.a(lib_a-memset.o)
 .debug_frame   0x000008bc       0x58 c:/freescale/kds_v3/toolchain/bin/../lib/gcc/arm-none-eabi/4.8.4/../../../../arm-none-eabi/lib/armv7e-m/fpu\libg_s.a(lib_a-sprintf.o)
 .debug_frame   0x00000914       0x88 c:/freescale/kds_v3/toolchain/bin/../lib/gcc/arm-none-eabi/4.8.4/../../../../arm-none-eabi/lib/armv7e-m/fpu\libg_s.a(lib_a-svfprintf.o)
 .debug_frame   0x0000099c       0xa8 c:/freescale/kds_v3/toolchain/bin/../lib/gcc/arm-none-eabi/4.8.4/../../../../arm-none-eabi/lib/armv7e-m/fpu\libg_s.a(lib_a-vfprintf.o)
 .debug_frame   0x00000a44       0x60 c:/freescale/kds_v3/toolchain/bin/../lib/gcc/arm-none-eabi/4.8.4/../../../../arm-none-eabi/lib/armv7e-m/fpu\libg_s.a(lib_a-vfprintf_i.o)
 .debug_frame   0x00000aa4       0x3c c:/freescale/kds_v3/toolchain/bin/../lib/gcc/arm-none-eabi/4.8.4/../../../../arm-none-eabi/lib/armv7e-m/fpu\libg_s.a(lib_a-wbuf.o)
 .debug_frame   0x00000ae0       0x2c c:/freescale/kds_v3/toolchain/bin/../lib/gcc/arm-none-eabi/4.8.4/../../../../arm-none-eabi/lib/armv7e-m/fpu\libg_s.a(lib_a-wsetup.o)
 .debug_frame   0x00000b0c       0x28 c:/freescale/kds_v3/toolchain/bin/../lib/gcc/arm-none-eabi/4.8.4/../../../../arm-none-eabi/lib/armv7e-m/fpu\libg_s.a(lib_a-abort.o)
 .debug_frame   0x00000b34       0x5c c:/freescale/kds_v3/toolchain/bin/../lib/gcc/arm-none-eabi/4.8.4/../../../../arm-none-eabi/lib/armv7e-m/fpu\libg_s.a(lib_a-fflush.o)
 .debug_frame   0x00000b90      0x12c c:/freescale/kds_v3/toolchain/bin/../lib/gcc/arm-none-eabi/4.8.4/../../../../arm-none-eabi/lib/armv7e-m/fpu\libg_s.a(lib_a-findfp.o)
 .debug_frame   0x00000cbc       0x30 c:/freescale/kds_v3/toolchain/bin/../lib/gcc/arm-none-eabi/4.8.4/../../../../arm-none-eabi/lib/armv7e-m/fpu\libg_s.a(lib_a-makebuf.o)
 .debug_frame   0x00000cec       0x28 c:/freescale/kds_v3/toolchain/bin/../lib/gcc/arm-none-eabi/4.8.4/../../../../arm-none-eabi/lib/armv7e-m/fpu\libg_s.a(lib_a-memchr-stub.o)
 .debug_frame   0x00000d14       0x28 c:/freescale/kds_v3/toolchain/bin/../lib/gcc/arm-none-eabi/4.8.4/../../../../arm-none-eabi/lib/armv7e-m/fpu\libg_s.a(lib_a-memcpy-stub.o)
 .debug_frame   0x00000d3c       0x2c c:/freescale/kds_v3/toolchain/bin/../lib/gcc/arm-none-eabi/4.8.4/../../../../arm-none-eabi/lib/armv7e-m/fpu\libg_s.a(lib_a-memmove.o)
 .debug_frame   0x00000d68       0x2c c:/freescale/kds_v3/toolchain/bin/../lib/gcc/arm-none-eabi/4.8.4/../../../../arm-none-eabi/lib/armv7e-m/fpu\libg_s.a(lib_a-nano-freer.o)
 .debug_frame   0x00000d94       0x2c c:/freescale/kds_v3/toolchain/bin/../lib/gcc/arm-none-eabi/4.8.4/../../../../arm-none-eabi/lib/armv7e-m/fpu\libg_s.a(lib_a-nano-mallocr.o)
 .debug_frame   0x00000dc0       0x30 c:/freescale/kds_v3/toolchain/bin/../lib/gcc/arm-none-eabi/4.8.4/../../../../arm-none-eabi/lib/armv7e-m/fpu\libg_s.a(lib_a-nano-reallocr.o)
 .debug_frame   0x00000df0       0x2c c:/freescale/kds_v3/toolchain/bin/../lib/gcc/arm-none-eabi/4.8.4/../../../../arm-none-eabi/lib/armv7e-m/fpu\libg_s.a(lib_a-sbrkr.o)
 .debug_frame   0x00000e1c       0xc0 c:/freescale/kds_v3/toolchain/bin/../lib/gcc/arm-none-eabi/4.8.4/../../../../arm-none-eabi/lib/armv7e-m/fpu\libg_s.a(lib_a-signal.o)
 .debug_frame   0x00000edc       0x3c c:/freescale/kds_v3/toolchain/bin/../lib/gcc/arm-none-eabi/4.8.4/../../../../arm-none-eabi/lib/armv7e-m/fpu\libg_s.a(lib_a-signalr.o)
 .debug_frame   0x00000f18       0x80 c:/freescale/kds_v3/toolchain/bin/../lib/gcc/arm-none-eabi/4.8.4/../../../../arm-none-eabi/lib/armv7e-m/fpu\libg_s.a(lib_a-stdio.o)
 .debug_frame   0x00000f98       0x20 c:/freescale/kds_v3/toolchain/bin/../lib/gcc/arm-none-eabi/4.8.4/../../../../arm-none-eabi/lib/armv7e-m/fpu\libg_s.a(lib_a-strlen.o)
 .debug_frame   0x00000fb8       0x2c c:/freescale/kds_v3/toolchain/bin/../lib/gcc/arm-none-eabi/4.8.4/../../../../arm-none-eabi/lib/armv7e-m/fpu\libg_s.a(lib_a-writer.o)
 .debug_frame   0x00000fe4       0x2c c:/freescale/kds_v3/toolchain/bin/../lib/gcc/arm-none-eabi/4.8.4/../../../../arm-none-eabi/lib/armv7e-m/fpu\libg_s.a(lib_a-closer.o)
 .debug_frame   0x00001010       0x2c c:/freescale/kds_v3/toolchain/bin/../lib/gcc/arm-none-eabi/4.8.4/../../../../arm-none-eabi/lib/armv7e-m/fpu\libg_s.a(lib_a-fstatr.o)
 .debug_frame   0x0000103c       0x2c c:/freescale/kds_v3/toolchain/bin/../lib/gcc/arm-none-eabi/4.8.4/../../../../arm-none-eabi/lib/armv7e-m/fpu\libg_s.a(lib_a-isattyr.o)
 .debug_frame   0x00001068       0x2c c:/freescale/kds_v3/toolchain/bin/../lib/gcc/arm-none-eabi/4.8.4/../../../../arm-none-eabi/lib/armv7e-m/fpu\libg_s.a(lib_a-lseekr.o)
 .debug_frame   0x00001094       0x20 c:/freescale/kds_v3/toolchain/bin/../lib/gcc/arm-none-eabi/4.8.4/../../../../arm-none-eabi/lib/armv7e-m/fpu\libg_s.a(lib_a-nano-msizer.o)
 .debug_frame   0x000010b4       0x2c c:/freescale/kds_v3/toolchain/bin/../lib/gcc/arm-none-eabi/4.8.4/../../../../arm-none-eabi/lib/armv7e-m/fpu\libg_s.a(lib_a-readr.o)
 .debug_frame   0x000010e0       0x48 c:/freescale/kds_v3/toolchain/bin/../lib/gcc/arm-none-eabi/4.8.4/../../../../arm-none-eabi/lib/armv7e-m/fpu\libg_s.a(lib_a-reent.o)
 .debug_frame   0x00001128       0x20 c:/freescale/kds_v3/toolchain/bin/../lib/gcc/arm-none-eabi/4.8.4/../../../../arm-none-eabi/lib/armv7e-m/fpu\libnosys.a(close.o)
 .debug_frame   0x00001148       0x20 c:/freescale/kds_v3/toolchain/bin/../lib/gcc/arm-none-eabi/4.8.4/../../../../arm-none-eabi/lib/armv7e-m/fpu\libnosys.a(fstat.o)
 .debug_frame   0x00001168       0x20 c:/freescale/kds_v3/toolchain/bin/../lib/gcc/arm-none-eabi/4.8.4/../../../../arm-none-eabi/lib/armv7e-m/fpu\libnosys.a(getpid.o)
 .debug_frame   0x00001188       0x20 c:/freescale/kds_v3/toolchain/bin/../lib/gcc/arm-none-eabi/4.8.4/../../../../arm-none-eabi/lib/armv7e-m/fpu\libnosys.a(isatty.o)
 .debug_frame   0x000011a8       0x20 c:/freescale/kds_v3/toolchain/bin/../lib/gcc/arm-none-eabi/4.8.4/../../../../arm-none-eabi/lib/armv7e-m/fpu\libnosys.a(kill.o)
 .debug_frame   0x000011c8       0x20 c:/freescale/kds_v3/toolchain/bin/../lib/gcc/arm-none-eabi/4.8.4/../../../../arm-none-eabi/lib/armv7e-m/fpu\libnosys.a(lseek.o)
 .debug_frame   0x000011e8       0x20 c:/freescale/kds_v3/toolchain/bin/../lib/gcc/arm-none-eabi/4.8.4/../../../../arm-none-eabi/lib/armv7e-m/fpu\libnosys.a(read.o)
 .debug_frame   0x00001208       0x20 c:/freescale/kds_v3/toolchain/bin/../lib/gcc/arm-none-eabi/4.8.4/../../../../arm-none-eabi/lib/armv7e-m/fpu\libnosys.a(sbrk.o)
 .debug_frame   0x00001228       0x20 c:/freescale/kds_v3/toolchain/bin/../lib/gcc/arm-none-eabi/4.8.4/../../../../arm-none-eabi/lib/armv7e-m/fpu\libnosys.a(write.o)
 .debug_frame   0x00001248       0x20 c:/freescale/kds_v3/toolchain/bin/../lib/gcc/arm-none-eabi/4.8.4/../../../../arm-none-eabi/lib/armv7e-m/fpu\libnosys.a(_exit.o)

.stab           0x00000000       0xcc
 .stab          0x00000000       0x24 c:/freescale/kds_v3/toolchain/bin/../lib/gcc/arm-none-eabi/4.8.4/../../../../arm-none-eabi/lib/armv7e-m/fpu\libnosys.a(close.o)
 .stab          0x00000024       0x18 c:/freescale/kds_v3/toolchain/bin/../lib/gcc/arm-none-eabi/4.8.4/../../../../arm-none-eabi/lib/armv7e-m/fpu\libnosys.a(fstat.o)
                                 0x24 (size before relaxing)
 .stab          0x0000003c       0x18 c:/freescale/kds_v3/toolchain/bin/../lib/gcc/arm-none-eabi/4.8.4/../../../../arm-none-eabi/lib/armv7e-m/fpu\libnosys.a(getpid.o)
                                 0x24 (size before relaxing)
 .stab          0x00000054       0x18 c:/freescale/kds_v3/toolchain/bin/../lib/gcc/arm-none-eabi/4.8.4/../../../../arm-none-eabi/lib/armv7e-m/fpu\libnosys.a(isatty.o)
                                 0x24 (size before relaxing)
 .stab          0x0000006c       0x18 c:/freescale/kds_v3/toolchain/bin/../lib/gcc/arm-none-eabi/4.8.4/../../../../arm-none-eabi/lib/armv7e-m/fpu\libnosys.a(kill.o)
                                 0x24 (size before relaxing)
 .stab          0x00000084       0x18 c:/freescale/kds_v3/toolchain/bin/../lib/gcc/arm-none-eabi/4.8.4/../../../../arm-none-eabi/lib/armv7e-m/fpu\libnosys.a(lseek.o)
                                 0x24 (size before relaxing)
 .stab          0x0000009c       0x18 c:/freescale/kds_v3/toolchain/bin/../lib/gcc/arm-none-eabi/4.8.4/../../../../arm-none-eabi/lib/armv7e-m/fpu\libnosys.a(read.o)
                                 0x24 (size before relaxing)
 .stab          0x000000b4       0x18 c:/freescale/kds_v3/toolchain/bin/../lib/gcc/arm-none-eabi/4.8.4/../../../../arm-none-eabi/lib/armv7e-m/fpu\libnosys.a(write.o)
                                 0x24 (size before relaxing)

.stabstr        0x00000000      0x1b9
 .stabstr       0x00000000      0x1b9 c:/freescale/kds_v3/toolchain/bin/../lib/gcc/arm-none-eabi/4.8.4/../../../../arm-none-eabi/lib/armv7e-m/fpu\libnosys.a(close.o)
