Archive member included because of file (symbol)

C:\Freescale\KSDK_1.3.0\lib\ksdk_platform_lib\kds\K64F12\debug\libksdk_platform.a(fsl_uart_hal.o)
                              ./Sources/main.o (UART_HAL_Init)
C:\Freescale\KSDK_1.3.0\lib\ksdk_platform_lib\kds\K64F12\debug\libksdk_platform.a(fsl_gpio_hal.o)
                              ./Sources/main.o (GPIO_HAL_SetPinDir)
C:\Freescale\KSDK_1.3.0\lib\ksdk_platform_lib\kds\K64F12\debug\libksdk_platform.a(fsl_dac_hal.o)
                              ./Sources/main.o (DAC_HAL_Init)
C:\Freescale\KSDK_1.3.0\lib\ksdk_platform_lib\kds\K64F12\debug\libksdk_platform.a(fsl_adc16_hal.o)
                              ./Sources/main.o (ADC16_HAL_Init)
c:/freescale/kds_v3/toolchain/bin/../lib/gcc/arm-none-eabi/4.8.4/../../../../arm-none-eabi/lib/armv7e-m/fpu\libg_s.a(lib_a-assert.o)
                              ./Sources/main.o (__assert_func)
c:/freescale/kds_v3/toolchain/bin/../lib/gcc/arm-none-eabi/4.8.4/../../../../arm-none-eabi/lib/armv7e-m/fpu\libg_s.a(lib_a-exit.o)
                              c:/freescale/kds_v3/toolchain/bin/../lib/gcc/arm-none-eabi/4.8.4/../../../../arm-none-eabi/lib/armv7e-m/fpu/crt0.o (exit)
c:/freescale/kds_v3/toolchain/bin/../lib/gcc/arm-none-eabi/4.8.4/../../../../arm-none-eabi/lib/armv7e-m/fpu\libg_s.a(lib_a-fprintf.o)
                              c:/freescale/kds_v3/toolchain/bin/../lib/gcc/arm-none-eabi/4.8.4/../../../../arm-none-eabi/lib/armv7e-m/fpu\libg_s.a(lib_a-assert.o) (fiprintf)
c:/freescale/kds_v3/toolchain/bin/../lib/gcc/arm-none-eabi/4.8.4/../../../../arm-none-eabi/lib/armv7e-m/fpu\libg_s.a(lib_a-impure.o)
                              c:/freescale/kds_v3/toolchain/bin/../lib/gcc/arm-none-eabi/4.8.4/../../../../arm-none-eabi/lib/armv7e-m/fpu\libg_s.a(lib_a-exit.o) (_global_impure_ptr)
c:/freescale/kds_v3/toolchain/bin/../lib/gcc/arm-none-eabi/4.8.4/../../../../arm-none-eabi/lib/armv7e-m/fpu\libg_s.a(lib_a-init.o)
                              c:/freescale/kds_v3/toolchain/bin/../lib/gcc/arm-none-eabi/4.8.4/../../../../arm-none-eabi/lib/armv7e-m/fpu/crt0.o (__libc_init_array)
c:/freescale/kds_v3/toolchain/bin/../lib/gcc/arm-none-eabi/4.8.4/../../../../arm-none-eabi/lib/armv7e-m/fpu\libg_s.a(lib_a-memset.o)
                              c:/freescale/kds_v3/toolchain/bin/../lib/gcc/arm-none-eabi/4.8.4/../../../../arm-none-eabi/lib/armv7e-m/fpu/crt0.o (memset)
c:/freescale/kds_v3/toolchain/bin/../lib/gcc/arm-none-eabi/4.8.4/../../../../arm-none-eabi/lib/armv7e-m/fpu\libg_s.a(lib_a-snprintf.o)
                              ./Sources/main.o (snprintf)
c:/freescale/kds_v3/toolchain/bin/../lib/gcc/arm-none-eabi/4.8.4/../../../../arm-none-eabi/lib/armv7e-m/fpu\libg_s.a(lib_a-svfprintf.o)
                              c:/freescale/kds_v3/toolchain/bin/../lib/gcc/arm-none-eabi/4.8.4/../../../../arm-none-eabi/lib/armv7e-m/fpu\libg_s.a(lib_a-snprintf.o) (_svfprintf_r)
c:/freescale/kds_v3/toolchain/bin/../lib/gcc/arm-none-eabi/4.8.4/../../../../arm-none-eabi/lib/armv7e-m/fpu\libg_s.a(lib_a-vfprintf.o)
                              c:/freescale/kds_v3/toolchain/bin/../lib/gcc/arm-none-eabi/4.8.4/../../../../arm-none-eabi/lib/armv7e-m/fpu\libg_s.a(lib_a-fprintf.o) (_vfprintf_r)
c:/freescale/kds_v3/toolchain/bin/../lib/gcc/arm-none-eabi/4.8.4/../../../../arm-none-eabi/lib/armv7e-m/fpu\libg_s.a(lib_a-vfprintf_i.o)
                              c:/freescale/kds_v3/toolchain/bin/../lib/gcc/arm-none-eabi/4.8.4/../../../../arm-none-eabi/lib/armv7e-m/fpu\libg_s.a(lib_a-svfprintf.o) (_printf_i)
c:/freescale/kds_v3/toolchain/bin/../lib/gcc/arm-none-eabi/4.8.4/../../../../arm-none-eabi/lib/armv7e-m/fpu\libg_s.a(lib_a-wbuf.o)
                              c:/freescale/kds_v3/toolchain/bin/../lib/gcc/arm-none-eabi/4.8.4/../../../../arm-none-eabi/lib/armv7e-m/fpu\libg_s.a(lib_a-vfprintf.o) (__swbuf_r)
c:/freescale/kds_v3/toolchain/bin/../lib/gcc/arm-none-eabi/4.8.4/../../../../arm-none-eabi/lib/armv7e-m/fpu\libg_s.a(lib_a-wsetup.o)
                              c:/freescale/kds_v3/toolchain/bin/../lib/gcc/arm-none-eabi/4.8.4/../../../../arm-none-eabi/lib/armv7e-m/fpu\libg_s.a(lib_a-vfprintf.o) (__swsetup_r)
c:/freescale/kds_v3/toolchain/bin/../lib/gcc/arm-none-eabi/4.8.4/../../../../arm-none-eabi/lib/armv7e-m/fpu\libg_s.a(lib_a-abort.o)
                              c:/freescale/kds_v3/toolchain/bin/../lib/gcc/arm-none-eabi/4.8.4/../../../../arm-none-eabi/lib/armv7e-m/fpu\libg_s.a(lib_a-assert.o) (abort)
c:/freescale/kds_v3/toolchain/bin/../lib/gcc/arm-none-eabi/4.8.4/../../../../arm-none-eabi/lib/armv7e-m/fpu\libg_s.a(lib_a-fflush.o)
                              c:/freescale/kds_v3/toolchain/bin/../lib/gcc/arm-none-eabi/4.8.4/../../../../arm-none-eabi/lib/armv7e-m/fpu\libg_s.a(lib_a-wbuf.o) (_fflush_r)
c:/freescale/kds_v3/toolchain/bin/../lib/gcc/arm-none-eabi/4.8.4/../../../../arm-none-eabi/lib/armv7e-m/fpu\libg_s.a(lib_a-findfp.o)
[...]
Memory Configuration

Name             Origin             Length             Attributes
m_interrupts     0x00000000         0x00000400         xr
m_flash_config   0x00000400         0x00000010         xr
m_text           0x00000410         0x000ffbf0         xr
m_data           0x1fff0000         0x00010000         rw
m_data_2         0x20000000         0x00030000         rw
*default*        0x00000000         0xffffffff

Linker script and memory map

LOAD c:/freescale/kds_v3/toolchain/bin/../lib/gcc/arm-none-eabi/4.8.4/armv7e-m/fpu/crti.o
LOAD c:/freescale/kds_v3/toolchain/bin/../lib/gcc/arm-none-eabi/4.8.4/armv7e-m/fpu/crtbegin.o
LOAD c:/freescale/kds_v3/toolchain/bin/../lib/gcc/arm-none-eabi/4.8.4/../../../../arm-none-eabi/lib/armv7e-m/fpu/crt0.o
LOAD ./Sources/main.o
LOAD ./Project_Settings/Startup_Code/startup.o
LOAD ./Project_Settings/Startup_Code/startup_MK64F12.o
LOAD ./Project_Settings/Startup_Code/system_MK64F12.o
LOAD C:\Freescale\KSDK_1.3.0\lib\ksdk_platform_lib\kds\K64F12\debug\libksdk_platform.a
LOAD c:/freescale/kds_v3/toolchain/bin/../lib/gcc/arm-none-eabi/4.8.4/../../../../arm-none-eabi/lib/armv7e-m/fpu\libstdc++_s.a
LOAD c:/freescale/kds_v3/toolchain/bin/../lib/gcc/arm-none-eabi/4.8.4/../../../../arm-none-eabi/lib/armv7e-m/fpu\libm.a
START GROUP
LOAD c:/freescale/kds_v3/toolchain/bin/../lib/gcc/arm-none-eabi/4.8.4/armv7e-m/fpu\libgcc.a
LOAD c:/freescale/kds_v3/toolchain/bin/../lib/gcc/arm-none-eabi/4.8.4/../../../../arm-none-eabi/lib/armv7e-m/fpu\libg_s.a
LOAD c:/freescale/kds_v3/toolchain/bin/../lib/gcc/arm-none-eabi/4.8.4/../../../../arm-none-eabi/lib/armv7e-m/fpu\libc_s.a
END GROUP
START GROUP
LOAD c:/freescale/kds_v3/toolchain/bin/../lib/gcc/arm-none-eabi/4.8.4/armv7e-m/fpu\libgcc.a
LOAD c:/freescale/kds_v3/toolchain/bin/../lib/gcc/arm-none-eabi/4.8.4/../../../../arm-none-eabi/lib/armv7e-m/fpu\libc_s.a
LOAD c:/freescale/kds_v3/toolchain/bin/../lib/gcc/arm-none-eabi/4.8.4/../../../../arm-none-eabi/lib/armv7e-m/fpu\libnosys.a
END GROUP
START GROUP
LOAD c:/freescale/kds_v3/toolchain/bin/../lib/gcc/arm-none-eabi/4.8.4/armv7e-m/fpu\libgcc.a
LOAD c:/freescale/kds_v3/toolchain/bin/../lib/gcc/arm-none-eabi/4.8.4/../../../../arm-none-eabi/lib/armv7e-m/fpu\libc_s.a
LOAD c:/freescale/kds_v3/toolchain/bin/../lib/gcc/arm-none-eabi/4.8.4/../../../../arm-none-eabi/lib/armv7e-m/fpu\libnosys.a
END GROUP
LOAD c:/freescale/kds_v3/toolchain/bin/../lib/gcc/arm-none-eabi/4.8.4/armv7e-m/fpu/crtend.o
LOAD c:/freescale/kds_v3/toolchain/bin/../lib/gcc/arm-none-eabi/4.8.4/armv7e-m/fpu/crtn.o
                0x00000400                HEAP_SIZE = DEFINED (__heap_size__)?__heap_size__:0x400
                0x00000400                STACK_SIZE = DEFINED (__stack_size__)?__stack_size__:0x400
                0x00000000                M_VECTOR_RAM_SIZE = DEFINED (__ram_vector_table__)?0x400:0x0

.interrupts     0x00000000      0x400
                0x00000000                __VECTOR_TABLE = .
                0x00000000                . = ALIGN (0x4)
 *(.isr_vector)
 .isr_vector    0x00000000      0x400 ./Project_Settings/Startup_Code/startup_MK64F12.o
                0x00000000                __isr_vector
                0x00000400                . = ALIGN (0x4)

.flash_config   0x00000400       0x10
                0x00000400                . = ALIGN (0x4)
 *(.FlashConfig)
 .FlashConfig   0x00000400       0x10 ./Project_Settings/Startup_Code/startup_MK64F12.o
                0x00000410                . = ALIGN (0x4)

.text           0x00000410     0x2c5c
                0x00000410                . = ALIGN (0x4)
 *(.text)
 .text          0x00000410       0x54 c:/freescale/kds_v3/toolchain/bin/../lib/gcc/arm-none-eabi/4.8.4/armv7e-m/fpu/crtbegin.o
 .text          0x00000464       0x74 c:/freescale/kds_v3/toolchain/bin/../lib/gcc/arm-none-eabi/4.8.4/../../../../arm-none-eabi/lib/armv7e-m/fpu/crt0.o
                0x00000464                _start
                0x00000464                _mainCRTStartup
 .text          0x000004d8       0x14 ./Project_Settings/Startup_Code/startup_MK64F12.o
                0x000004d8                Reset_Handler
                0x000004e8                DebugMon_Handler
                0x000004e8                I2C0_IRQHandler
                0x000004e8                HardFault_Handler
                0x000004e8                SysTick_Handler
                0x000004e8                UART3_RX_TX_IRQHandler
                0x000004e8                PendSV_Handler
                0x000004e8                NMI_Handler
                0x000004e8                UART0_RX_TX_IRQHandler
                0x000004e8                I2C1_IRQHandler
                0x000004e8                DMA2_IRQHandler
                0x000004e8                ENET_Error_IRQHandler
                0x000004e8                CAN0_Tx_Warning_IRQHandler
                0x000004e8                PIT0_IRQHandler
                0x000004e8                CAN0_ORed_Message_buffer_IRQHandler
                0x000004e8                CMP2_IRQHandler
                0x000004e8                LLWU_IRQHandler
                0x000004e8                ENET_Receive_IRQHandler
                0x000004e8                ENET_1588_Timer_IRQHandler
                0x000004e8                UART2_RX_TX_IRQHandler
                0x000004e8                SWI_IRQHandler
                0x000004e8                ADC0_IRQHandler
                0x000004e8                UsageFault_Handler
                0x000004e8                I2S0_Tx_IRQHandler
                0x000004e8                CMT_IRQHandler
                0x000004e8                UART4_RX_TX_IRQHandler
                0x000004e8                SPI1_IRQHandler
                0x000004e8                DefaultISR
                0x000004e8                DMA9_IRQHandler
                0x000004e8                DMA14_IRQHandler
                0x000004e8                CMP1_IRQHandler
                0x000004e8                Reserved71_IRQHandler
                0x000004e8                PORTD_IRQHandler
                0x000004e8                PORTB_IRQHandler
                0x000004e8                UART4_ERR_IRQHandler
                0x000004e8                ADC1_IRQHandler
                0x000004e8                I2C2_IRQHandler
                0x000004e8                PIT2_IRQHandler
                0x000004e8                I2S0_Rx_IRQHandler
                0x000004e8                DMA5_IRQHandler
                0x000004e8                RTC_IRQHandler
                0x000004e8                PDB0_IRQHandler
                0x000004e8                CAN0_Rx_Warning_IRQHandler
                0x000004e8                FTM1_IRQHandler
                0x000004e8                UART5_RX_TX_IRQHandler
                0x000004e8                UART3_ERR_IRQHandler
                0x000004e8                PIT3_IRQHandler
                0x000004e8                SDHC_IRQHandler
                0x000004e8                RTC_Seconds_IRQHandler
                0x000004e8                MCG_IRQHandler
                0x000004e8                FTFE_IRQHandler
                0x000004e8                UART2_ERR_IRQHandler
                0x000004e8                DMA11_IRQHandler
                0x000004e8                UART5_ERR_IRQHandler
                0x000004e8                Read_Collision_IRQHandler
                0x000004e8                DMA7_IRQHandler
                0x000004e8                ENET_Transmit_IRQHandler
                0x000004e8                USBDCD_IRQHandler
                0x000004e8                USB0_IRQHandler
                0x000004e8                SPI2_IRQHandler
                0x000004e8                WDOG_EWM_IRQHandler
                0x000004e8                MemManage_Handler
                0x000004e8                SVC_Handler
                0x000004e8                DMA13_IRQHandler
                0x000004e8                DMA3_IRQHandler
                0x000004e8                UART0_LON_IRQHandler
                0x000004e8                RNG_IRQHandler
                0x000004e8                DMA0_IRQHandler
                0x000004e8                DMA15_IRQHandler
                0x000004e8                DAC0_IRQHandler
                0x000004e8                CAN0_Error_IRQHandler
                0x000004e8                DMA4_IRQHandler
                0x000004e8                PIT1_IRQHandler
                0x000004e8                UART0_ERR_IRQHandler
                0x000004e8                DMA_Error_IRQHandler
                0x000004e8                LVD_LVW_IRQHandler
                0x000004e8                SPI0_IRQHandler
                0x000004e8                FTM0_IRQHandler
                0x000004e8                PORTA_IRQHandler
                0x000004e8                DAC1_IRQHandler
                0x000004e8                MCM_IRQHandler
                0x000004e8                DMA12_IRQHandler
                0x000004e8                CAN0_Bus_Off_IRQHandler
                0x000004e8                FTM3_IRQHandler
                0x000004e8                PORTE_IRQHandler
                0x000004e8                FTM2_IRQHandler
                0x000004e8                LPTMR0_IRQHandler
                0x000004e8                BusFault_Handler
                0x000004e8                DMA8_IRQHandler
                0x000004e8                DMA10_IRQHandler
                0x000004e8                CAN0_Wake_Up_IRQHandler
                0x000004e8                UART1_ERR_IRQHandler
                0x000004e8                UART1_RX_TX_IRQHandler
                0x000004e8                CMP0_IRQHandler
                0x000004e8                PORTC_IRQHandler
                0x000004e8                DMA6_IRQHandler
                0x000004e8                DMA1_IRQHandler
 *(.text*)
 .text.GPIO_HAL_SetPinOutput
                0x000004ec       0x38 ./Sources/main.o
 .text.GPIO_HAL_ClearPinOutput
                0x00000524       0x38 ./Sources/main.o
 .text.GPIO_HAL_ReadPinInput
                0x0000055c       0x40 ./Sources/main.o
 .text.PORT_HAL_SetMuxMode
                0x0000059c       0x58 ./Sources/main.o
 .text.UART_HAL_EnableTransmitter
                0x000005f4       0x24 ./Sources/main.o
 .text.SIM_HAL_EnableClock
                0x00000618       0x3c ./Sources/main.o
 .text.ADC16_HAL_GetChnConvCompletedFlag
                0x00000654       0x50 ./Sources/main.o
 .text.ADC16_HAL_GetChnConvValue
                0x000006a4       0x40 ./Sources/main.o
 .text.PIT_HAL_Enable
                0x000006e4       0x20 ./Sources/main.o
 .text.PIT_HAL_StartTimer
                0x00000704       0x44 ./Sources/main.o
 .text.PIT_HAL_SetTimerPeriodByCount
                0x00000748       0x40 ./Sources/main.o
 .text.PIT_HAL_ClearIntFlag
                0x00000788       0x40 ./Sources/main.o
 .text.PIT_HAL_IsIntPending
                0x000007c8       0x4c ./Sources/main.o
 .text.DAC_HAL_Enable
                0x00000814       0x24 ./Sources/main.o
 .text.ledBlueOn
                0x00000838       0x14 ./Sources/main.o
 .text.ledBlueOff
                0x0000084c       0x14 ./Sources/main.o
 .text.ledRedOn
                0x00000860       0x14 ./Sources/main.o
 .text.ledRedOff
                0x00000874       0x14 ./Sources/main.o
 .text.ledGreenOn
                0x00000888       0x14 ./Sources/main.o
 .text.ledGreenOff
                0x0000089c       0x14 ./Sources/main.o
 .text.ledUpdate
                0x000008b0       0x84 ./Sources/main.o
                0x000008b0                ledUpdate
 .text.UART0_Init
                0x00000934       0x48 ./Sources/main.o
                0x00000934                UART0_Init
 .text.GPIO_Init
                0x0000097c       0xe4 ./Sources/main.o
                0x0000097c                GPIO_Init
 .text.ADC1_Init
                0x00000a60       0x28 ./Sources/main.o
                0x00000a60                ADC1_Init
 .text.ADC1_Convert
                0x00000a88       0x3c ./Sources/main.o
                0x00000a88                ADC1_Convert
 .text.ADC0_Init
                0x00000ac4       0x28 ./Sources/main.o
                0x00000ac4                ADC0_Init
 .text.DAC0_Init
                0x00000aec       0x3c ./Sources/main.o
                0x00000aec                DAC0_Init
 .text.ADC0_Convert
                0x00000b28       0x3c ./Sources/main.o
                0x00000b28                ADC0_Convert
 .text.UART0_PutChar
                0x00000b64       0x34 ./Sources/main.o
                0x00000b64                UART0_PutChar
 .text.UART0_PutString
                0x00000b98       0x2c ./Sources/main.o
                0x00000b98                UART0_PutString
 .text.PIT_Init
                0x00000bc4       0x30 ./Sources/main.o
                0x00000bc4                PIT_Init
 .text.Gather_Data
                0x00000bf4      0x130 ./Sources/main.o
                0x00000bf4                Gather_Data
 .text.inArray  0x00000d24       0x40 ./Sources/main.o
                0x00000d24                inArray
 .text.selectionSort
                0x00000d64       0x9c ./Sources/main.o
                0x00000d64                selectionSort
 .text.getPosition
                0x00000e00       0x94 ./Sources/main.o
                0x00000e00                getPosition
 .text.SendToDAC
                0x00000e94       0xa0 ./Sources/main.o
                0x00000e94                SendToDAC
 .text.SendToDACMan
                0x00000f34       0x34 ./Sources/main.o
                0x00000f34                SendToDACMan
 .text.clearUart
                0x00000f68       0x24 ./Sources/main.o
 .text.main     0x00000f8c      0x190 ./Sources/main.o
                0x00000f8c                main
 .text.init_data_bss
                0x0000111c       0xcc ./Project_Settings/Startup_Code/startup.o
                0x0000111c                init_data_bss
 .text.SystemInit
                0x000011e8       0x3c ./Project_Settings/Startup_Code/system_MK64F12.o
                0x000011e8                SystemInit
 .text.UART_HAL_Init
                0x00001224       0x74 C:\Freescale\KSDK_1.3.0\lib\ksdk_platform_lib\kds\K64F12\debug\libksdk_platform.a(fsl_uart_hal.o)
                0x00001224                UART_HAL_Init
 .text.UART_HAL_SetBaudRate
                0x00001298       0xa0 C:\Freescale\KSDK_1.3.0\lib\ksdk_platform_lib\kds\K64F12\debug\libksdk_platform.a(fsl_uart_hal.o)
                0x00001298                UART_HAL_SetBaudRate
 .text.UART_HAL_Putchar
                0x00001338       0x28 C:\Freescale\KSDK_1.3.0\lib\ksdk_platform_lib\kds\K64F12\debug\libksdk_platform.a(fsl_uart_hal.o)
                0x00001338                UART_HAL_Putchar
 .text.UART_HAL_GetStatusFlag
                0x00001360       0xb8 C:\Freescale\KSDK_1.3.0\lib\ksdk_platform_lib\kds\K64F12\debug\libksdk_platform.a(fsl_uart_hal.o)
                0x00001360                UART_HAL_GetStatusFlag
 .text.GPIO_HAL_SetPinDir
                0x00001418       0x60 C:\Freescale\KSDK_1.3.0\lib\ksdk_platform_lib\kds\K64F12\debug\libksdk_platform.a(fsl_gpio_hal.o)
                0x00001418                GPIO_HAL_SetPinDir
 .text.DAC_HAL_Init
                0x00001478       0x5c C:\Freescale\KSDK_1.3.0\lib\ksdk_platform_lib\kds\K64F12\debug\libksdk_platform.a(fsl_dac_hal.o)
                0x00001478                DAC_HAL_Init
 .text.DAC_HAL_ConfigConverter
                0x000014d4       0x4c C:\Freescale\KSDK_1.3.0\lib\ksdk_platform_lib\kds\K64F12\debug\libksdk_platform.a(fsl_dac_hal.o)
                0x000014d4                DAC_HAL_ConfigConverter
 .text.DAC_HAL_ConfigBuffer
                0x00001520       0xf0 C:\Freescale\KSDK_1.3.0\lib\ksdk_platform_lib\kds\K64F12\debug\libksdk_platform.a(fsl_dac_hal.o)
                0x00001520                DAC_HAL_ConfigBuffer
 .text.DAC_HAL_SetBuffValue
                0x00001610       0x74 C:\Freescale\KSDK_1.3.0\lib\ksdk_platform_lib\kds\K64F12\debug\libksdk_platform.a(fsl_dac_hal.o)
                0x00001610                DAC_HAL_SetBuffValue
 .text.ADC16_HAL_Init
                0x00001684       0x38 C:\Freescale\KSDK_1.3.0\lib\ksdk_platform_lib\kds\K64F12\debug\libksdk_platform.a(fsl_adc16_hal.o)
                0x00001684                ADC16_HAL_Init
 .text.ADC16_HAL_ConfigChn
                0x000016bc       0x70 C:\Freescale\KSDK_1.3.0\lib\ksdk_platform_lib\kds\K64F12\debug\libksdk_platform.a(fsl_adc16_hal.o)
                0x000016bc                ADC16_HAL_ConfigChn
 .text.ADC16_HAL_ConfigConverter
                0x0000172c      0x12c C:\Freescale\KSDK_1.3.0\lib\ksdk_platform_lib\kds\K64F12\debug\libksdk_platform.a(fsl_adc16_hal.o)
                0x0000172c                ADC16_HAL_ConfigConverter
 .text.__assert_func
                0x00001858       0x38 c:/freescale/kds_v3/toolchain/bin/../lib/gcc/arm-none-eabi/4.8.4/../../../../arm-none-eabi/lib/armv7e-m/fpu\libg_s.a(lib_a-assert.o)
                0x00001858                __assert_func
 .text.exit     0x00001890       0x28 c:/freescale/kds_v3/toolchain/bin/../lib/gcc/arm-none-eabi/4.8.4/../../../../arm-none-eabi/lib/armv7e-m/fpu\libg_s.a(lib_a-exit.o)
                0x00001890                exit
 .text.fprintf  0x000018b8       0x24 c:/freescale/kds_v3/toolchain/bin/../lib/gcc/arm-none-eabi/4.8.4/../../../../arm-none-eabi/lib/armv7e-m/fpu\libg_s.a(lib_a-fprintf.o)
                0x000018b8                fiprintf
                0x000018b8                fprintf
 .text.__libc_init_array
                0x000018dc       0x4c c:/freescale/kds_v3/toolchain/bin/../lib/gcc/arm-none-eabi/4.8.4/../../../../arm-none-eabi/lib/armv7e-m/fpu\libg_s.a(lib_a-init.o)
                0x000018dc                __libc_init_array
 .text.memset   0x00001928       0x10 c:/freescale/kds_v3/toolchain/bin/../lib/gcc/arm-none-eabi/4.8.4/../../../../arm-none-eabi/lib/armv7e-m/fpu\libg_s.a(lib_a-memset.o)
                0x00001928                memset
 .text.snprintf
                0x00001938       0x64 c:/freescale/kds_v3/toolchain/bin/../lib/gcc/arm-none-eabi/4.8.4/../../../../arm-none-eabi/lib/armv7e-m/fpu\libg_s.a(lib_a-snprintf.o)
                0x00001938                sniprintf
                0x00001938                snprintf
 .text.__ssputs_r
                0x0000199c       0xb8 c:/freescale/kds_v3/toolchain/bin/../lib/gcc/arm-none-eabi/4.8.4/../../../../arm-none-eabi/lib/armv7e-m/fpu\libg_s.a(lib_a-svfprintf.o)
                0x0000199c                __ssputs_r
 .text._svfprintf_r
                0x00001a54      0x1dc c:/freescale/kds_v3/toolchain/bin/../lib/gcc/arm-none-eabi/4.8.4/../../../../arm-none-eabi/lib/armv7e-m/fpu\libg_s.a(lib_a-svfprintf.o)
                0x00001a54                _svfiprintf_r
                0x00001a54                _svfprintf_r
 .text.__sfputc_r
                0x00001c30       0x2c c:/freescale/kds_v3/toolchain/bin/../lib/gcc/arm-none-eabi/4.8.4/../../../../arm-none-eabi/lib/armv7e-m/fpu\libg_s.a(lib_a-vfprintf.o)
 .text.__sfputs_r
                0x00001c5c       0x24 c:/freescale/kds_v3/toolchain/bin/../lib/gcc/arm-none-eabi/4.8.4/../../../../arm-none-eabi/lib/armv7e-m/fpu\libg_s.a(lib_a-vfprintf.o)
                0x00001c5c                __sfputs_r
 .text._vfprintf_r
                0x00001c80      0x208 c:/freescale/kds_v3/toolchain/bin/../lib/gcc/arm-none-eabi/4.8.4/../../../../arm-none-eabi/lib/armv7e-m/fpu\libg_s.a(lib_a-vfprintf.o)
                0x00001c80                _vfprintf_r
                0x00001c80                _vfiprintf_r
 .text._printf_common
                0x00001e88       0xe4 c:/freescale/kds_v3/toolchain/bin/../lib/gcc/arm-none-eabi/4.8.4/../../../../arm-none-eabi/lib/armv7e-m/fpu\libg_s.a(lib_a-vfprintf_i.o)
                0x00001e88                _printf_common
 .text._printf_i
                0x00001f6c      0x228 c:/freescale/kds_v3/toolchain/bin/../lib/gcc/arm-none-eabi/4.8.4/../../../../arm-none-eabi/lib/armv7e-m/fpu\libg_s.a(lib_a-vfprintf_i.o)
                0x00001f6c                _printf_i
 .text.__swbuf_r
                0x00002194       0xa8 c:/freescale/kds_v3/toolchain/bin/../lib/gcc/arm-none-eabi/4.8.4/../../../../arm-none-eabi/lib/armv7e-m/fpu\libg_s.a(lib_a-wbuf.o)
                0x00002194                __swbuf_r
 .text.__swsetup_r
                0x0000223c       0xdc c:/freescale/kds_v3/toolchain/bin/../lib/gcc/arm-none-eabi/4.8.4/../../../../arm-none-eabi/lib/armv7e-m/fpu\libg_s.a(lib_a-wsetup.o)
                0x0000223c                __swsetup_r
 .text.abort    0x00002318        0xe c:/freescale/kds_v3/toolchain/bin/../lib/gcc/arm-none-eabi/4.8.4/../../../../arm-none-eabi/lib/armv7e-m/fpu\libg_s.a(lib_a-abort.o)
                0x00002318                abort
 .text.__sflush_r
                0x00002326      0x106 c:/freescale/kds_v3/toolchain/bin/../lib/gcc/arm-none-eabi/4.8.4/../../../../arm-none-eabi/lib/armv7e-m/fpu\libg_s.a(lib_a-fflush.o)
                0x00002326                __sflush_r
 .text._fflush_r
                0x0000242c       0x54 c:/freescale/kds_v3/toolchain/bin/../lib/gcc/arm-none-eabi/4.8.4/../../../../arm-none-eabi/lib/armv7e-m/fpu\libg_s.a(lib_a-fflush.o)
                0x0000242c                _fflush_r
 .text._cleanup_r
                0x00002480       0x32 c:/freescale/kds_v3/toolchain/bin/../lib/gcc/arm-none-eabi/4.8.4/../../../../arm-none-eabi/lib/armv7e-m/fpu\libg_s.a(lib_a-findfp.o)
                0x00002480                _cleanup_r
 *fill*         0x000024b2        0x2 
 .text.std.isra.0
                0x000024b4       0x48 c:/freescale/kds_v3/toolchain/bin/../lib/gcc/arm-none-eabi/4.8.4/../../../../arm-none-eabi/lib/armv7e-m/fpu\libg_s.a(lib_a-findfp.o)
 .text.__sfmoreglue
                0x000024fc       0x2c c:/freescale/kds_v3/toolchain/bin/../lib/gcc/arm-none-eabi/4.8.4/../../../../arm-none-eabi/lib/armv7e-m/fpu\libg_s.a(lib_a-findfp.o)
                0x000024fc                __sfmoreglue
 .text.__sinit  0x00002528       0x60 c:/freescale/kds_v3/toolchain/bin/../lib/gcc/arm-none-eabi/4.8.4/../../../../arm-none-eabi/lib/armv7e-m/fpu\libg_s.a(lib_a-findfp.o)
                0x00002528                __sinit
 .text.__sfp    0x00002588       0x74 c:/freescale/kds_v3/toolchain/bin/../lib/gcc/arm-none-eabi/4.8.4/../../../../arm-none-eabi/lib/armv7e-m/fpu\libg_s.a(lib_a-findfp.o)
                0x00002588                __sfp
 .text.__smakebuf_r
                0x000025fc       0x9c c:/freescale/kds_v3/toolchain/bin/../lib/gcc/arm-none-eabi/4.8.4/../../../../arm-none-eabi/lib/armv7e-m/fpu\libg_s.a(lib_a-makebuf.o)
                0x000025fc                __smakebuf_r
 .text.memchr   0x00002698       0x1e c:/freescale/kds_v3/toolchain/bin/../lib/gcc/arm-none-eabi/4.8.4/../../../../arm-none-eabi/lib/armv7e-m/fpu\libg_s.a(lib_a-memchr-stub.o)
                0x00002698                memchr
 .text.memcpy   0x000026b6       0x12 c:/freescale/kds_v3/toolchain/bin/../lib/gcc/arm-none-eabi/4.8.4/../../../../arm-none-eabi/lib/armv7e-m/fpu\libg_s.a(lib_a-memcpy-stub.o)
                0x000026b6                memcpy
 .text.memmove  0x000026c8       0x36 c:/freescale/kds_v3/toolchain/bin/../lib/gcc/arm-none-eabi/4.8.4/../../../../arm-none-eabi/lib/armv7e-m/fpu\libg_s.a(lib_a-memmove.o)
                0x000026c8                memmove
 *fill*         0x000026fe        0x2 
 .text._free_r  0x00002700       0x88 c:/freescale/kds_v3/toolchain/bin/../lib/gcc/arm-none-eabi/4.8.4/../../../../arm-none-eabi/lib/armv7e-m/fpu\libg_s.a(lib_a-nano-freer.o)
                0x00002700                _free_r
 .text._malloc_r
                0x00002788       0xa8 c:/freescale/kds_v3/toolchain/bin/../lib/gcc/arm-none-eabi/4.8.4/../../../../arm-none-eabi/lib/armv7e-m/fpu\libg_s.a(lib_a-nano-mallocr.o)
                0x00002788                _malloc_r
 .text._realloc_r
                0x00002830       0x4c c:/freescale/kds_v3/toolchain/bin/../lib/gcc/arm-none-eabi/4.8.4/../../../../arm-none-eabi/lib/armv7e-m/fpu\libg_s.a(lib_a-nano-reallocr.o)
                0x00002830                _realloc_r
 .text._sbrk_r  0x0000287c       0x20 c:/freescale/kds_v3/toolchain/bin/../lib/gcc/arm-none-eabi/4.8.4/../../../../arm-none-eabi/lib/armv7e-m/fpu\libg_s.a(lib_a-sbrkr.o)
                0x0000287c                _sbrk_r
 .text._raise_r
                0x0000289c       0x50 c:/freescale/kds_v3/toolchain/bin/../lib/gcc/arm-none-eabi/4.8.4/../../../../arm-none-eabi/lib/armv7e-m/fpu\libg_s.a(lib_a-signal.o)
                0x0000289c                _raise_r
 .text.raise    0x000028ec       0x10 c:/freescale/kds_v3/toolchain/bin/../lib/gcc/arm-none-eabi/4.8.4/../../../../arm-none-eabi/lib/armv7e-m/fpu\libg_s.a(lib_a-signal.o)
                0x000028ec                raise
 .text._kill_r  0x000028fc       0x24 c:/freescale/kds_v3/toolchain/bin/../lib/gcc/arm-none-eabi/4.8.4/../../../../arm-none-eabi/lib/armv7e-m/fpu\libg_s.a(lib_a-signalr.o)
                0x000028fc                _kill_r
 .text._getpid_r
                0x00002920        0x4 c:/freescale/kds_v3/toolchain/bin/../lib/gcc/arm-none-eabi/4.8.4/../../../../arm-none-eabi/lib/armv7e-m/fpu\libg_s.a(lib_a-signalr.o)
                0x00002920                _getpid_r
 .text.__sread  0x00002924       0x22 c:/freescale/kds_v3/toolchain/bin/../lib/gcc/arm-none-eabi/4.8.4/../../../../arm-none-eabi/lib/armv7e-m/fpu\libg_s.a(lib_a-stdio.o)
                0x00002924                __sread
 .text.__swrite
                0x00002946       0x38 c:/freescale/kds_v3/toolchain/bin/../lib/gcc/arm-none-eabi/4.8.4/../../../../arm-none-eabi/lib/armv7e-m/fpu\libg_s.a(lib_a-stdio.o)
                0x00002946                __swrite
 .text.__sseek  0x0000297e       0x24 c:/freescale/kds_v3/toolchain/bin/../lib/gcc/arm-none-eabi/4.8.4/../../../../arm-none-eabi/lib/armv7e-m/fpu\libg_s.a(lib_a-stdio.o)
                0x0000297e                __sseek
 .text.__sclose
                0x000029a2        0x8 c:/freescale/kds_v3/toolchain/bin/../lib/gcc/arm-none-eabi/4.8.4/../../../../arm-none-eabi/lib/armv7e-m/fpu\libg_s.a(lib_a-stdio.o)
                0x000029a2                __sclose
 .text.strlen   0x000029aa       0x10 c:/freescale/kds_v3/toolchain/bin/../lib/gcc/arm-none-eabi/4.8.4/../../../../arm-none-eabi/lib/armv7e-m/fpu\libg_s.a(lib_a-strlen.o)
                0x000029aa                strlen
 *fill*         0x000029ba        0x2 
 .text._write_r
                0x000029bc       0x24 c:/freescale/kds_v3/toolchain/bin/../lib/gcc/arm-none-eabi/4.8.4/../../../../arm-none-eabi/lib/armv7e-m/fpu\libg_s.a(lib_a-writer.o)
                0x000029bc                _write_r
 .text._close_r
                0x000029e0       0x20 c:/freescale/kds_v3/toolchain/bin/../lib/gcc/arm-none-eabi/4.8.4/../../../../arm-none-eabi/lib/armv7e-m/fpu\libg_s.a(lib_a-closer.o)
                0x000029e0                _close_r
 .text._fstat_r
                0x00002a00       0x24 c:/freescale/kds_v3/toolchain/bin/../lib/gcc/arm-none-eabi/4.8.4/../../../../arm-none-eabi/lib/armv7e-m/fpu\libg_s.a(lib_a-fstatr.o)
                0x00002a00                _fstat_r
 .text._isatty_r
                0x00002a24       0x20 c:/freescale/kds_v3/toolchain/bin/../lib/gcc/arm-none-eabi/4.8.4/../../../../arm-none-eabi/lib/armv7e-m/fpu\libg_s.a(lib_a-isattyr.o)
                0x00002a24                _isatty_r
 .text._lseek_r
                0x00002a44       0x24 c:/freescale/kds_v3/toolchain/bin/../lib/gcc/arm-none-eabi/4.8.4/../../../../arm-none-eabi/lib/armv7e-m/fpu\libg_s.a(lib_a-lseekr.o)
                0x00002a44                _lseek_r
 .text._malloc_usable_size_r
                0x00002a68       0x12 c:/freescale/kds_v3/toolchain/bin/../lib/gcc/arm-none-eabi/4.8.4/../../../../arm-none-eabi/lib/armv7e-m/fpu\libg_s.a(lib_a-nano-msizer.o)
                0x00002a68                _malloc_usable_size_r
 *fill*         0x00002a7a        0x2 
 .text._read_r  0x00002a7c       0x24 c:/freescale/kds_v3/toolchain/bin/../lib/gcc/arm-none-eabi/4.8.4/../../../../arm-none-eabi/lib/armv7e-m/fpu\libg_s.a(lib_a-readr.o)
                0x00002a7c                _read_r
 .text._close   0x00002aa0       0x10 c:/freescale/kds_v3/toolchain/bin/../lib/gcc/arm-none-eabi/4.8.4/../../../../arm-none-eabi/lib/armv7e-m/fpu\libnosys.a(close.o)
                0x00002aa0                _close
 .text._fstat   0x00002ab0       0x10 c:/freescale/kds_v3/toolchain/bin/../lib/gcc/arm-none-eabi/4.8.4/../../../../arm-none-eabi/lib/armv7e-m/fpu\libnosys.a(fstat.o)
                0x00002ab0                _fstat
 .text._getpid  0x00002ac0       0x10 c:/freescale/kds_v3/toolchain/bin/../lib/gcc/arm-none-eabi/4.8.4/../../../../arm-none-eabi/lib/armv7e-m/fpu\libnosys.a(getpid.o)
                0x00002ac0                _getpid
 .text._isatty  0x00002ad0       0x10 c:/freescale/kds_v3/toolchain/bin/../lib/gcc/arm-none-eabi/4.8.4/../../../../arm-none-eabi/lib/armv7e-m/fpu\libnosys.a(isatty.o)
                0x00002ad0                _isatty
 .text._kill    0x00002ae0       0x10 c:/freescale/kds_v3/toolchain/bin/../lib/gcc/arm-none-eabi/4.8.4/../../../../arm-none-eabi/lib/armv7e-m/fpu\libnosys.a(kill.o)
                0x00002ae0                _kill
 .text._lseek   0x00002af0       0x10 c:/freescale/kds_v3/toolchain/bin/../lib/gcc/arm-none-eabi/4.8.4/../../../../arm-none-eabi/lib/armv7e-m/fpu\libnosys.a(lseek.o)
                0x00002af0                _lseek
 .text._read    0x00002b00       0x10 c:/freescale/kds_v3/toolchain/bin/../lib/gcc/arm-none-eabi/4.8.4/../../../../arm-none-eabi/lib/armv7e-m/fpu\libnosys.a(read.o)
                0x00002b00                _read
 .text._sbrk    0x00002b10       0x34 c:/freescale/kds_v3/toolchain/bin/../lib/gcc/arm-none-eabi/4.8.4/../../../../arm-none-eabi/lib/armv7e-m/fpu\libnosys.a(sbrk.o)
                0x00002b10                _sbrk
 .text._write   0x00002b44       0x10 c:/freescale/kds_v3/toolchain/bin/../lib/gcc/arm-none-eabi/4.8.4/../../../../arm-none-eabi/lib/armv7e-m/fpu\libnosys.a(write.o)
                0x00002b44                _write
 .text._exit    0x00002b54        0x4 c:/freescale/kds_v3/toolchain/bin/../lib/gcc/arm-none-eabi/4.8.4/../../../../arm-none-eabi/lib/armv7e-m/fpu\libnosys.a(_exit.o)
                0x00002b54                _exit
 *(.rodata)
 .rodata        0x00002b58      0x1a0 ./Sources/main.o
 .rodata        0x00002cf8       0x4c C:\Freescale\KSDK_1.3.0\lib\ksdk_platform_lib\kds\K64F12\debug\libksdk_platform.a(fsl_gpio_hal.o)
 .rodata        0x00002d44       0x54 C:\Freescale\KSDK_1.3.0\lib\ksdk_platform_lib\kds\K64F12\debug\libksdk_platform.a(fsl_dac_hal.o)
 .rodata        0x00002d98       0x78 C:\Freescale\KSDK_1.3.0\lib\ksdk_platform_lib\kds\K64F12\debug\libksdk_platform.a(fsl_adc16_hal.o)
 *(.rodata*)
 .rodata.chn1_config
                0x00002e10        0x4 ./Sources/main.o
                0x00002e10                chn1_config
 .rodata.adc0_config
                0x00002e14        0xc ./Sources/main.o
                0x00002e14                adc0_config
 .rodata.adc1_config
                0x00002e20        0xc ./Sources/main.o
                0x00002e20                adc1_config
 .rodata.dac0_config
                0x00002e2c        0x4 ./Sources/main.o
                0x00002e2c                dac0_config
 .rodata.dac0_buffer_config
                0x00002e30        0xc ./Sources/main.o
                0x00002e30                dac0_buffer_config
 .rodata.__func__.6180
                0x00002e3c       0x18 ./Sources/main.o
 .rodata.__func__.6175
                0x00002e54       0x18 ./Sources/main.o
 .rodata.__func__.6300
                0x00002e6c       0x14 ./Sources/main.o
 .rodata.__func__.7512
                0x00002e80       0x24 ./Sources/main.o
 .rodata.__func__.7526
                0x00002ea4       0x1c ./Sources/main.o
 .rodata.__func__.7612
                0x00002ec0       0x20 ./Sources/main.o
 .rodata.__func__.7596
                0x00002ee0       0x14 ./Sources/main.o
 .rodata.__func__.6209
                0x00002ef4       0x18 ./Sources/main.o
 .rodata.__func__.7643
                0x00002f0c       0x18 ./Sources/main.o
 .rodata.__func__.7638
                0x00002f24       0x18 ./Sources/main.o
 .rodata.__func__.6102
                0x00002f3c       0x14 C:\Freescale\KSDK_1.3.0\lib\ksdk_platform_lib\kds\K64F12\debug\libksdk_platform.a(fsl_gpio_hal.o)
 .rodata.__func__.6135
                0x00002f50       0x18 C:\Freescale\KSDK_1.3.0\lib\ksdk_platform_lib\kds\K64F12\debug\libksdk_platform.a(fsl_dac_hal.o)
 .rodata.__func__.6231
                0x00002f68       0x14 C:\Freescale\KSDK_1.3.0\lib\ksdk_platform_lib\kds\K64F12\debug\libksdk_platform.a(fsl_adc16_hal.o)
 .rodata.str1.1
                0x00002f7c       0x3c c:/freescale/kds_v3/toolchain/bin/../lib/gcc/arm-none-eabi/4.8.4/../../../../arm-none-eabi/lib/armv7e-m/fpu\libg_s.a(lib_a-assert.o)
                                 0x3d (size before relaxing)
 .rodata.str1.1
                0x00002fb8        0x2 c:/freescale/kds_v3/toolchain/bin/../lib/gcc/arm-none-eabi/4.8.4/../../../../arm-none-eabi/lib/armv7e-m/fpu\libg_s.a(lib_a-impure.o)
 *fill*         0x00002fba        0x2 
 .rodata._global_impure_ptr
                0x00002fbc        0x4 c:/freescale/kds_v3/toolchain/bin/../lib/gcc/arm-none-eabi/4.8.4/../../../../arm-none-eabi/lib/armv7e-m/fpu\libg_s.a(lib_a-impure.o)
                0x00002fbc                _global_impure_ptr
 .rodata.str1.1
                0x00002fc0       0x11 c:/freescale/kds_v3/toolchain/bin/../lib/gcc/arm-none-eabi/4.8.4/../../../../arm-none-eabi/lib/armv7e-m/fpu\libg_s.a(lib_a-svfprintf.o)
 .rodata.str1.1
                0x00000000       0x11 c:/freescale/kds_v3/toolchain/bin/../lib/gcc/arm-none-eabi/4.8.4/../../../../arm-none-eabi/lib/armv7e-m/fpu\libg_s.a(lib_a-vfprintf.o)
 .rodata.str1.1
                0x00002fd1       0x22 c:/freescale/kds_v3/toolchain/bin/../lib/gcc/arm-none-eabi/4.8.4/../../../../arm-none-eabi/lib/armv7e-m/fpu\libg_s.a(lib_a-vfprintf_i.o)
 *fill*         0x00002ff3        0x1 
 .rodata.__sf_fake_stdin
                0x00002ff4       0x20 c:/freescale/kds_v3/toolchain/bin/../lib/gcc/arm-none-eabi/4.8.4/../../../../arm-none-eabi/lib/armv7e-m/fpu\libg_s.a(lib_a-findfp.o)
                0x00002ff4                __sf_fake_stdin
 .rodata.__sf_fake_stdout
                0x00003014       0x20 c:/freescale/kds_v3/toolchain/bin/../lib/gcc/arm-none-eabi/4.8.4/../../../../arm-none-eabi/lib/armv7e-m/fpu\libg_s.a(lib_a-findfp.o)
                0x00003014                __sf_fake_stdout
 .rodata.__sf_fake_stderr
                0x00003034       0x20 c:/freescale/kds_v3/toolchain/bin/../lib/gcc/arm-none-eabi/4.8.4/../../../../arm-none-eabi/lib/armv7e-m/fpu\libg_s.a(lib_a-findfp.o)
                0x00003034                __sf_fake_stderr
 *(.glue_7)
 .glue_7        0x00000000        0x0 linker stubs
 *(.glue_7t)
 .glue_7t       0x00000000        0x0 linker stubs
 *(.eh_frame)
 .eh_frame      0x00003054        0x0 c:/freescale/kds_v3/toolchain/bin/../lib/gcc/arm-none-eabi/4.8.4/armv7e-m/fpu/crtbegin.o
 *(.init)
 .init          0x00003054        0x4 c:/freescale/kds_v3/toolchain/bin/../lib/gcc/arm-none-eabi/4.8.4/armv7e-m/fpu/crti.o
                0x00003054                _init
 .init          0x00003058        0x8 c:/freescale/kds_v3/toolchain/bin/../lib/gcc/arm-none-eabi/4.8.4/armv7e-m/fpu/crtn.o
 *(.fini)
 .fini          0x00003060        0x4 c:/freescale/kds_v3/toolchain/bin/../lib/gcc/arm-none-eabi/4.8.4/armv7e-m/fpu/crti.o
                0x00003060                _fini
 .fini          0x00003064        0x8 c:/freescale/kds_v3/toolchain/bin/../lib/gcc/arm-none-eabi/4.8.4/armv7e-m/fpu/crtn.o
                0x0000306c                . = ALIGN (0x4)

.vfp11_veneer   0x0000306c        0x0
 .vfp11_veneer  0x00000000        0x0 linker stubs

.v4_bx          0x0000306c        0x0
 .v4_bx         0x00000000        0x0 linker stubs

.iplt           0x0000306c        0x0
 .iplt          0x00000000        0x0 c:/freescale/kds_v3/toolchain/bin/../lib/gcc/arm-none-eabi/4.8.4/armv7e-m/fpu/crtbegin.o

.ARM.extab
 *(.ARM.extab* .gnu.linkonce.armextab.*)

.ARM            0x0000306c        0x8
                0x0000306c                __exidx_start = .
 *(.ARM.exidx*)
 .ARM.exidx     0x0000306c        0x8 c:/freescale/kds_v3/toolchain/bin/../lib/gcc/arm-none-eabi/4.8.4/../../../../arm-none-eabi/lib/armv7e-m/fpu/crt0.o
                0x00003074                __exidx_end = .

.rel.dyn        0x00003074        0x0
 .rel.iplt      0x00000000        0x0 c:/freescale/kds_v3/toolchain/bin/../lib/gcc/arm-none-eabi/4.8.4/armv7e-m/fpu/crtbegin.o

.ctors          0x00003074        0x0
                0x00003074                __CTOR_LIST__ = .
 *crtbegin.o(.ctors)
 *crtbegin?.o(.ctors)
 *(EXCLUDE_FILE(*crtend.o *crtend?.o) .ctors)
 *(SORT(.ctors.*))
 *(.ctors)
                0x00003074                __CTOR_END__ = .

.dtors          0x00003074        0x0
                0x00003074                __DTOR_LIST__ = .
 *crtbegin.o(.dtors)
 *crtbegin?.o(.dtors)
 *(EXCLUDE_FILE(*crtend.o *crtend?.o) .dtors)
 *(SORT(.dtors.*))
 *(.dtors)
                0x00003074                __DTOR_END__ = .

.preinit_array  0x00003074        0x0
                0x00003074                PROVIDE (__preinit_array_start, .)
 *(.preinit_array*)
                0x00003074                PROVIDE (__preinit_array_end, .)

.init_array     0x00003074        0x4
                0x00003074                PROVIDE (__init_array_start, .)
 *(SORT(.init_array.*))
 *(.init_array*)
 .init_array    0x00003074        0x4 c:/freescale/kds_v3/toolchain/bin/../lib/gcc/arm-none-eabi/4.8.4/armv7e-m/fpu/crtbegin.o
                0x00003078                PROVIDE (__init_array_end, .)

.fini_array     0x00003078        0x4
                0x00003078                PROVIDE (__fini_array_start, .)
 *(SORT(.fini_array.*))
 *(.fini_array*)
 .fini_array    0x00003078        0x4 c:/freescale/kds_v3/toolchain/bin/../lib/gcc/arm-none-eabi/4.8.4/armv7e-m/fpu/crtbegin.o
                0x0000307c                PROVIDE (__fini_array_end, .)
                0x0000307c                __etext = .
                0x0000307c                __DATA_ROM = .

.interrupts_ram
                0x1fff0000        0x0
                0x1fff0000                . = ALIGN (0x4)
                0x1fff0000                __VECTOR_RAM__ = .
                0x1fff0000                __interrupts_ram_start__ = .
 *(.m_interrupts_ram)
                0x1fff0000                . = (. + M_VECTOR_RAM_SIZE)
                0x1fff0000                . = ALIGN (0x4)
                0x1fff0000                __interrupts_ram_end__ = .
                0x00000000                __VECTOR_RAM = DEFINED (__ram_vector_table__)?__VECTOR_RAM__:ORIGIN (m_interrupts)
                0x00000000                __RAM_VECTOR_TABLE_SIZE_BYTES = DEFINED (__ram_vector_table__)?(__interrupts_ram_end__ - __interrupts_ram_start__):0x0

.data           0x1fff0000       0x6c load address 0x0000307c
                0x1fff0000                . = ALIGN (0x4)
                0x1fff0000                __DATA_RAM = .
                0x1fff0000                __data_start__ = .
 *(.data)
 *(.data*)
 .data.unquantized_output.8458
                0x1fff0000        0x4 ./Sources/main.o
 .data.impure_data
                0x1fff0004       0x60 c:/freescale/kds_v3/toolchain/bin/../lib/gcc/arm-none-eabi/4.8.4/../../../../arm-none-eabi/lib/armv7e-m/fpu\libg_s.a(lib_a-impure.o)
 .data._impure_ptr
                0x1fff0064        0x4 c:/freescale/kds_v3/toolchain/bin/../lib/gcc/arm-none-eabi/4.8.4/../../../../arm-none-eabi/lib/armv7e-m/fpu\libg_s.a(lib_a-impure.o)
                0x1fff0064                _impure_ptr
 *(.jcr*)
 .jcr           0x1fff0068        0x0 c:/freescale/kds_v3/toolchain/bin/../lib/gcc/arm-none-eabi/4.8.4/armv7e-m/fpu/crtbegin.o
 .jcr           0x1fff0068        0x4 c:/freescale/kds_v3/toolchain/bin/../lib/gcc/arm-none-eabi/4.8.4/armv7e-m/fpu/crtend.o
                0x1fff006c                . = ALIGN (0x4)
                0x1fff006c                __data_end__ = .
                0x000030e8                __DATA_END = (__DATA_ROM + (__data_end__ - __data_start__))
                0x00100000                text_end = (ORIGIN (m_text) + 0xffbf0)
                0x00000001                ASSERT ((__DATA_END <= text_end), region m_text overflowed with text and data)

.igot.plt       0x1fff006c        0x0 load address 0x000030e8
 .igot.plt      0x00000000        0x0 c:/freescale/kds_v3/toolchain/bin/../lib/gcc/arm-none-eabi/4.8.4/armv7e-m/fpu/crtbegin.o

.bss            0x1fff006c       0x2c load address 0x000030e8
                0x1fff006c                . = ALIGN (0x4)
                0x1fff006c                __START_BSS = .
                0x1fff006c                __bss_start__ = .
 *(.bss)
 .bss           0x1fff006c       0x1c c:/freescale/kds_v3/toolchain/bin/../lib/gcc/arm-none-eabi/4.8.4/armv7e-m/fpu/crtbegin.o
 *(.bss*)
 .bss.__malloc_sbrk_start
                0x1fff0088        0x4 c:/freescale/kds_v3/toolchain/bin/../lib/gcc/arm-none-eabi/4.8.4/../../../../arm-none-eabi/lib/armv7e-m/fpu\libg_s.a(lib_a-nano-mallocr.o)
                0x1fff0088                __malloc_sbrk_start
 .bss.__malloc_free_list
                0x1fff008c        0x4 c:/freescale/kds_v3/toolchain/bin/../lib/gcc/arm-none-eabi/4.8.4/../../../../arm-none-eabi/lib/armv7e-m/fpu\libg_s.a(lib_a-nano-mallocr.o)
                0x1fff008c                __malloc_free_list
 .bss.heap_end.4246
                0x1fff0090        0x4 c:/freescale/kds_v3/toolchain/bin/../lib/gcc/arm-none-eabi/4.8.4/../../../../arm-none-eabi/lib/armv7e-m/fpu\libnosys.a(sbrk.o)
 *(COMMON)
 COMMON         0x1fff0094        0x4 c:/freescale/kds_v3/toolchain/bin/../lib/gcc/arm-none-eabi/4.8.4/../../../../arm-none-eabi/lib/armv7e-m/fpu\libg_s.a(lib_a-reent.o)
                0x1fff0094                errno
                0x1fff0098                . = ALIGN (0x4)
                0x1fff0098                __bss_end__ = .
                0x1fff0098                __END_BSS = .

.heap           0x20000000      0x400
                0x20000000                . = ALIGN (0x8)
                0x20000000                __end__ = .
                0x20000000                PROVIDE (end, .)
                0x20000000                __HeapBase = .
                0x20000400                . = (. + HEAP_SIZE)
 *fill*         0x20000000      0x400 
                0x20000400                __HeapLimit = .

.stack          0x20000400      0x400
                0x20000400                . = ALIGN (0x8)
                0x20000800                . = (. + STACK_SIZE)
 *fill*         0x20000400      0x400 
                0x20030000                __StackTop = (ORIGIN (m_data_2) + 0x30000)
                0x2002fc00                __StackLimit = (__StackTop - STACK_SIZE)
                0x20030000                PROVIDE (__stack, __StackTop)

.ARM.attributes
                0x00000000       0x30
 *(.ARM.attributes)
 .ARM.attributes
                0x00000000       0x22 c:/freescale/kds_v3/toolchain/bin/../lib/gcc/arm-none-eabi/4.8.4/armv7e-m/fpu/crti.o
 .ARM.attributes
                0x00000022       0x34 c:/freescale/kds_v3/toolchain/bin/../lib/gcc/arm-none-eabi/4.8.4/armv7e-m/fpu/crtbegin.o
 .ARM.attributes
                0x00000056       0x20 c:/freescale/kds_v3/toolchain/bin/../lib/gcc/arm-none-eabi/4.8.4/../../../../arm-none-eabi/lib/armv7e-m/fpu/crt0.o
 .ARM.attributes
                0x00000076       0x39 ./Sources/main.o
 .ARM.attributes
                0x000000af       0x39 ./Project_Settings/Startup_Code/startup.o
 .ARM.attributes
                0x000000e8       0x1f ./Project_Settings/Startup_Code/startup_MK64F12.o
 .ARM.attributes
                0x00000107       0x39 ./Project_Settings/Startup_Code/system_MK64F12.o
 .ARM.attributes
                0x00000140       0x39 C:\Freescale\KSDK_1.3.0\lib\ksdk_platform_lib\kds\K64F12\debug\libksdk_platform.a(fsl_uart_hal.o)
 .ARM.attributes
                0x00000179       0x39 C:\Freescale\KSDK_1.3.0\lib\ksdk_platform_lib\kds\K64F12\debug\libksdk_platform.a(fsl_gpio_hal.o)
 .ARM.attributes
                0x000001b2       0x39 C:\Freescale\KSDK_1.3.0\lib\ksdk_platform_lib\kds\K64F12\debug\libksdk_platform.a(fsl_dac_hal.o)
 .ARM.attributes
                0x000001eb       0x39 C:\Freescale\KSDK_1.3.0\lib\ksdk_platform_lib\kds\K64F12\debug\libksdk_platform.a(fsl_adc16_hal.o)
 .ARM.attributes
                0x00000224       0x34 c:/freescale/kds_v3/toolchain/bin/../lib/gcc/arm-none-eabi/4.8.4/../../../../arm-none-eabi/lib/armv7e-m/fpu\libg_s.a(lib_a-assert.o)
 .ARM.attributes
                0x00000258       0x34 c:/freescale/kds_v3/toolchain/bin/../lib/gcc/arm-none-eabi/4.8.4/../../../../arm-none-eabi/lib/armv7e-m/fpu\libg_s.a(lib_a-exit.o)
 .ARM.attributes
                0x0000028c       0x34 c:/freescale/kds_v3/toolchain/bin/../lib/gcc/arm-none-eabi/4.8.4/../../../../arm-none-eabi/lib/armv7e-m/fpu\libg_s.a(lib_a-fprintf.o)
 .ARM.attributes
                0x000002c0       0x34 c:/freescale/kds_v3/toolchain/bin/../lib/gcc/arm-none-eabi/4.8.4/../../../../arm-none-eabi/lib/armv7e-m/fpu\libg_s.a(lib_a-impure.o)
 .ARM.attributes
                0x000002f4       0x34 c:/freescale/kds_v3/toolchain/bin/../lib/gcc/arm-none-eabi/4.8.4/../../../../arm-none-eabi/lib/armv7e-m/fpu\libg_s.a(lib_a-init.o)
 .ARM.attributes
                0x00000328       0x34 c:/freescale/kds_v3/toolchain/bin/../lib/gcc/arm-none-eabi/4.8.4/../../../../arm-none-eabi/lib/armv7e-m/fpu\libg_s.a(lib_a-memset.o)
 .ARM.attributes
                0x0000035c       0x34 c:/freescale/kds_v3/toolchain/bin/../lib/gcc/arm-none-eabi/4.8.4/../../../../arm-none-eabi/lib/armv7e-m/fpu\libg_s.a(lib_a-snprintf.o)
 .ARM.attributes
                0x00000390       0x34 c:/freescale/kds_v3/toolchain/bin/../lib/gcc/arm-none-eabi/4.8.4/../../../../arm-none-eabi/lib/armv7e-m/fpu\libg_s.a(lib_a-svfprintf.o)
 .ARM.attributes
                0x000003c4       0x34 c:/freescale/kds_v3/toolchain/bin/../lib/gcc/arm-none-eabi/4.8.4/../../../../arm-none-eabi/lib/armv7e-m/fpu\libg_s.a(lib_a-vfprintf.o)
 .ARM.attributes
                0x000003f8       0x34 c:/freescale/kds_v3/toolchain/bin/../lib/gcc/arm-none-eabi/4.8.4/../../../../arm-none-eabi/lib/armv7e-m/fpu\libg_s.a(lib_a-vfprintf_i.o)
 .ARM.attributes
                0x0000042c       0x34 c:/freescale/kds_v3/toolchain/bin/../lib/gcc/arm-none-eabi/4.8.4/../../../../arm-none-eabi/lib/armv7e-m/fpu\libg_s.a(lib_a-wbuf.o)
 .ARM.attributes
                0x00000460       0x34 c:/freescale/kds_v3/toolchain/bin/../lib/gcc/arm-none-eabi/4.8.4/../../../../arm-none-eabi/lib/armv7e-m/fpu\libg_s.a(lib_a-wsetup.o)
 .ARM.attributes
                0x00000494       0x34 c:/freescale/kds_v3/toolchain/bin/../lib/gcc/arm-none-eabi/4.8.4/../../../../arm-none-eabi/lib/armv7e-m/fpu\libg_s.a(lib_a-abort.o)
 .ARM.attributes
                0x000004c8       0x34 c:/freescale/kds_v3/toolchain/bin/../lib/gcc/arm-none-eabi/4.8.4/../../../../arm-none-eabi/lib/armv7e-m/fpu\libg_s.a(lib_a-fflush.o)
 .ARM.attributes
                0x000004fc       0x34 c:/freescale/kds_v3/toolchain/bin/../lib/gcc/arm-none-eabi/4.8.4/../../../../arm-none-eabi/lib/armv7e-m/fpu\libg_s.a(lib_a-findfp.o)
 .ARM.attributes
                0x00000530       0x34 c:/freescale/kds_v3/toolchain/bin/../lib/gcc/arm-none-eabi/4.8.4/../../../../arm-none-eabi/lib/armv7e-m/fpu\libg_s.a(lib_a-makebuf.o)
 .ARM.attributes
                0x00000564       0x34 c:/freescale/kds_v3/toolchain/bin/../lib/gcc/arm-none-eabi/4.8.4/../../../../arm-none-eabi/lib/armv7e-m/fpu\libg_s.a(lib_a-memchr-stub.o)
 .ARM.attributes
                0x00000598       0x34 c:/freescale/kds_v3/toolchain/bin/../lib/gcc/arm-none-eabi/4.8.4/../../../../arm-none-eabi/lib/armv7e-m/fpu\libg_s.a(lib_a-memcpy-stub.o)
 .ARM.attributes
                0x000005cc       0x34 c:/freescale/kds_v3/toolchain/bin/../lib/gcc/arm-none-eabi/4.8.4/../../../../arm-none-eabi/lib/armv7e-m/fpu\libg_s.a(lib_a-memmove.o)
 .ARM.attributes
                0x00000600       0x34 c:/freescale/kds_v3/toolchain/bin/../lib/gcc/arm-none-eabi/4.8.4/../../../../arm-none-eabi/lib/armv7e-m/fpu\libg_s.a(lib_a-nano-freer.o)
 .ARM.attributes
                0x00000634       0x34 c:/freescale/kds_v3/toolchain/bin/../lib/gcc/arm-none-eabi/4.8.4/../../../../arm-none-eabi/lib/armv7e-m/fpu\libg_s.a(lib_a-nano-mallocr.o)
 .ARM.attributes
                0x00000668       0x34 c:/freescale/kds_v3/toolchain/bin/../lib/gcc/arm-none-eabi/4.8.4/../../../../arm-none-eabi/lib/armv7e-m/fpu\libg_s.a(lib_a-nano-reallocr.o)
 .ARM.attributes
                0x0000069c       0x34 c:/freescale/kds_v3/toolchain/bin/../lib/gcc/arm-none-eabi/4.8.4/../../../../arm-none-eabi/lib/armv7e-m/fpu\libg_s.a(lib_a-sbrkr.o)
 .ARM.attributes
                0x000006d0       0x34 c:/freescale/kds_v3/toolchain/bin/../lib/gcc/arm-none-eabi/4.8.4/../../../../arm-none-eabi/lib/armv7e-m/fpu\libg_s.a(lib_a-signal.o)
 .ARM.attributes
                0x00000704       0x34 c:/freescale/kds_v3/toolchain/bin/../lib/gcc/arm-none-eabi/4.8.4/../../../../arm-none-eabi/lib/armv7e-m/fpu\libg_s.a(lib_a-signalr.o)
 .ARM.attributes
                0x00000738       0x34 c:/freescale/kds_v3/toolchain/bin/../lib/gcc/arm-none-eabi/4.8.4/../../../../arm-none-eabi/lib/armv7e-m/fpu\libg_s.a(lib_a-stdio.o)
 .ARM.attributes
                0x0000076c       0x34 c:/freescale/kds_v3/toolchain/bin/../lib/gcc/arm-none-eabi/4.8.4/../../../../arm-none-eabi/lib/armv7e-m/fpu\libg_s.a(lib_a-strlen.o)
 .ARM.attributes
                0x000007a0       0x34 c:/freescale/kds_v3/toolchain/bin/../lib/gcc/arm-none-eabi/4.8.4/../../../../arm-none-eabi/lib/armv7e-m/fpu\libg_s.a(lib_a-writer.o)
 .ARM.attributes
                0x000007d4       0x34 c:/freescale/kds_v3/toolchain/bin/../lib/gcc/arm-none-eabi/4.8.4/../../../../arm-none-eabi/lib/armv7e-m/fpu\libg_s.a(lib_a-closer.o)
 .ARM.attributes
                0x00000808       0x34 c:/freescale/kds_v3/toolchain/bin/../lib/gcc/arm-none-eabi/4.8.4/../../../../arm-none-eabi/lib/armv7e-m/fpu\libg_s.a(lib_a-fstatr.o)
 .ARM.attributes
                0x0000083c       0x34 c:/freescale/kds_v3/toolchain/bin/../lib/gcc/arm-none-eabi/4.8.4/../../../../arm-none-eabi/lib/armv7e-m/fpu\libg_s.a(lib_a-isattyr.o)
 .ARM.attributes
                0x00000870       0x34 c:/freescale/kds_v3/toolchain/bin/../lib/gcc/arm-none-eabi/4.8.4/../../../../arm-none-eabi/lib/armv7e-m/fpu\libg_s.a(lib_a-lseekr.o)
 .ARM.attributes
                0x000008a4       0x34 c:/freescale/kds_v3/toolchain/bin/../lib/gcc/arm-none-eabi/4.8.4/../../../../arm-none-eabi/lib/armv7e-m/fpu\libg_s.a(lib_a-nano-msizer.o)
 .ARM.attributes
                0x000008d8       0x34 c:/freescale/kds_v3/toolchain/bin/../lib/gcc/arm-none-eabi/4.8.4/../../../../arm-none-eabi/lib/armv7e-m/fpu\libg_s.a(lib_a-readr.o)
 .ARM.attributes
                0x0000090c       0x34 c:/freescale/kds_v3/toolchain/bin/../lib/gcc/arm-none-eabi/4.8.4/../../../../arm-none-eabi/lib/armv7e-m/fpu\libg_s.a(lib_a-reent.o)
 .ARM.attributes
                0x00000940       0x34 c:/freescale/kds_v3/toolchain/bin/../lib/gcc/arm-none-eabi/4.8.4/../../../../arm-none-eabi/lib/armv7e-m/fpu\libnosys.a(close.o)
 .ARM.attributes
                0x00000974       0x34 c:/freescale/kds_v3/toolchain/bin/../lib/gcc/arm-none-eabi/4.8.4/../../../../arm-none-eabi/lib/armv7e-m/fpu\libnosys.a(fstat.o)
 .ARM.attributes
                0x000009a8       0x34 c:/freescale/kds_v3/toolchain/bin/../lib/gcc/arm-none-eabi/4.8.4/../../../../arm-none-eabi/lib/armv7e-m/fpu\libnosys.a(getpid.o)
 .ARM.attributes
                0x000009dc       0x34 c:/freescale/kds_v3/toolchain/bin/../lib/gcc/arm-none-eabi/4.8.4/../../../../arm-none-eabi/lib/armv7e-m/fpu\libnosys.a(isatty.o)
 .ARM.attributes
                0x00000a10       0x34 c:/freescale/kds_v3/toolchain/bin/../lib/gcc/arm-none-eabi/4.8.4/../../../../arm-none-eabi/lib/armv7e-m/fpu\libnosys.a(kill.o)
 .ARM.attributes
                0x00000a44       0x34 c:/freescale/kds_v3/toolchain/bin/../lib/gcc/arm-none-eabi/4.8.4/../../../../arm-none-eabi/lib/armv7e-m/fpu\libnosys.a(lseek.o)
 .ARM.attributes
                0x00000a78       0x34 c:/freescale/kds_v3/toolchain/bin/../lib/gcc/arm-none-eabi/4.8.4/../../../../arm-none-eabi/lib/armv7e-m/fpu\libnosys.a(read.o)
 .ARM.attributes
                0x00000aac       0x34 c:/freescale/kds_v3/toolchain/bin/../lib/gcc/arm-none-eabi/4.8.4/../../../../arm-none-eabi/lib/armv7e-m/fpu\libnosys.a(sbrk.o)
 .ARM.attributes
                0x00000ae0       0x34 c:/freescale/kds_v3/toolchain/bin/../lib/gcc/arm-none-eabi/4.8.4/../../../../arm-none-eabi/lib/armv7e-m/fpu\libnosys.a(write.o)
 .ARM.attributes
                0x00000b14       0x34 c:/freescale/kds_v3/toolchain/bin/../lib/gcc/arm-none-eabi/4.8.4/../../../../arm-none-eabi/lib/armv7e-m/fpu\libnosys.a(_exit.o)
 .ARM.attributes
                0x00000b48       0x34 c:/freescale/kds_v3/toolchain/bin/../lib/gcc/arm-none-eabi/4.8.4/armv7e-m/fpu/crtend.o
 .ARM.attributes
                0x00000b7c       0x22 c:/freescale/kds_v3/toolchain/bin/../lib/gcc/arm-none-eabi/4.8.4/armv7e-m/fpu/crtn.o
                0x00000001                ASSERT ((__StackLimit >= __HeapLimit), region m_data_2 overflowed with stack and heap)
OUTPUT(light_motor.elf elf32-littlearm)

.debug_info     0x00000000     0x3f89
 .debug_info    0x00000000     0x1877 ./Sources/main.o
 .debug_info    0x00001877      0x3a7 ./Project_Settings/Startup_Code/startup.o
 .debug_info    0x00001c1e       0x93 ./Project_Settings/Startup_Code/startup_MK64F12.o
 .debug_info    0x00001cb1      0x610 ./Project_Settings/Startup_Code/system_MK64F12.o
 .debug_info    0x000022c1      0xe9a C:\Freescale\KSDK_1.3.0\lib\ksdk_platform_lib\kds\K64F12\debug\libksdk_platform.a(fsl_uart_hal.o)
 .debug_info    0x0000315b      0x201 C:\Freescale\KSDK_1.3.0\lib\ksdk_platform_lib\kds\K64F12\debug\libksdk_platform.a(fsl_gpio_hal.o)
 .debug_info    0x0000335c      0x3d0 C:\Freescale\KSDK_1.3.0\lib\ksdk_platform_lib\kds\K64F12\debug\libksdk_platform.a(fsl_dac_hal.o)
 .debug_info    0x0000372c      0x85d C:\Freescale\KSDK_1.3.0\lib\ksdk_platform_lib\kds\K64F12\debug\libksdk_platform.a(fsl_adc16_hal.o)

.debug_abbrev   0x00000000      0xb6b
 .debug_abbrev  0x00000000      0x32a ./Sources/main.o
 .debug_abbrev  0x0000032a       0xfa ./Project_Settings/Startup_Code/startup.o
 .debug_abbrev  0x00000424       0x14 ./Project_Settings/Startup_Code/startup_MK64F12.o
 .debug_abbrev  0x00000438      0x11a ./Project_Settings/Startup_Code/system_MK64F12.o
 .debug_abbrev  0x00000552      0x225 C:\Freescale\KSDK_1.3.0\lib\ksdk_platform_lib\kds\K64F12\debug\libksdk_platform.a(fsl_uart_hal.o)
 .debug_abbrev  0x00000777       0xf7 C:\Freescale\KSDK_1.3.0\lib\ksdk_platform_lib\kds\K64F12\debug\libksdk_platform.a(fsl_gpio_hal.o)
 .debug_abbrev  0x0000086e      0x14d C:\Freescale\KSDK_1.3.0\lib\ksdk_platform_lib\kds\K64F12\debug\libksdk_platform.a(fsl_dac_hal.o)
 .debug_abbrev  0x000009bb      0x1b0 C:\Freescale\KSDK_1.3.0\lib\ksdk_platform_lib\kds\K64F12\debug\libksdk_platform.a(fsl_adc16_hal.o)

.debug_aranges  0x00000000      0x398
 .debug_aranges
                0x00000000      0x150 ./Sources/main.o
 .debug_aranges
                0x00000150       0x20 ./Project_Settings/Startup_Code/startup.o
 .debug_aranges
                0x00000170       0x20 ./Project_Settings/Startup_Code/startup_MK64F12.o
 .debug_aranges
                0x00000190       0x28 ./Project_Settings/Startup_Code/system_MK64F12.o
 .debug_aranges
                0x000001b8      0x130 C:\Freescale\KSDK_1.3.0\lib\ksdk_platform_lib\kds\K64F12\debug\libksdk_platform.a(fsl_uart_hal.o)
 .debug_aranges
                0x000002e8       0x28 C:\Freescale\KSDK_1.3.0\lib\ksdk_platform_lib\kds\K64F12\debug\libksdk_platform.a(fsl_gpio_hal.o)
 .debug_aranges
                0x00000310       0x38 C:\Freescale\KSDK_1.3.0\lib\ksdk_platform_lib\kds\K64F12\debug\libksdk_platform.a(fsl_dac_hal.o)
 .debug_aranges
                0x00000348       0x50 C:\Freescale\KSDK_1.3.0\lib\ksdk_platform_lib\kds\K64F12\debug\libksdk_platform.a(fsl_adc16_hal.o)

.debug_ranges   0x00000000      0x308
 .debug_ranges  0x00000000      0x140 ./Sources/main.o
 .debug_ranges  0x00000140       0x10 ./Project_Settings/Startup_Code/startup.o
 .debug_ranges  0x00000150       0x18 ./Project_Settings/Startup_Code/system_MK64F12.o
 .debug_ranges  0x00000168      0x120 C:\Freescale\KSDK_1.3.0\lib\ksdk_platform_lib\kds\K64F12\debug\libksdk_platform.a(fsl_uart_hal.o)
 .debug_ranges  0x00000288       0x18 C:\Freescale\KSDK_1.3.0\lib\ksdk_platform_lib\kds\K64F12\debug\libksdk_platform.a(fsl_gpio_hal.o)
 .debug_ranges  0x000002a0       0x28 C:\Freescale\KSDK_1.3.0\lib\ksdk_platform_lib\kds\K64F12\debug\libksdk_platform.a(fsl_dac_hal.o)
 .debug_ranges  0x000002c8       0x40 C:\Freescale\KSDK_1.3.0\lib\ksdk_platform_lib\kds\K64F12\debug\libksdk_platform.a(fsl_adc16_hal.o)

.debug_macro    0x00000000    0x313e9
 .debug_macro   0x00000000      0x25c ./Sources/main.o
 .debug_macro   0x0000025c      0x856 ./Sources/main.o
 .debug_macro   0x00000ab2       0x11 ./Sources/main.o
 .debug_macro   0x00000ac3       0x16 ./Sources/main.o
 .debug_macro   0x00000ad9       0x16 ./Sources/main.o
 .debug_macro   0x00000aef       0x44 ./Sources/main.o
 .debug_macro   0x00000b33      0x209 ./Sources/main.o
 .debug_macro   0x00000d3c       0x56 ./Sources/main.o
 .debug_macro   0x00000d92       0x3b ./Sources/main.o
 .debug_macro   0x00000dcd       0x34 ./Sources/main.o
 .debug_macro   0x00000e01       0x26 ./Sources/main.o
 .debug_macro   0x00000e27      0xd1d ./Sources/main.o
 .debug_macro   0x00001b44       0x78 ./Sources/main.o
 .debug_macro   0x00001bbc    0x1773b ./Sources/main.o
 .debug_macro   0x000192f7       0x58 ./Sources/main.o
 .debug_macro   0x0001934f       0x35 ./Sources/main.o
 .debug_macro   0x00019384       0xa3 ./Sources/main.o
 .debug_macro   0x00019427       0x16 ./Sources/main.o
 .debug_macro   0x0001943d      0x10e ./Sources/main.o
 .debug_macro   0x0001954b       0x7f ./Sources/main.o
 .debug_macro   0x000195ca       0x52 ./Sources/main.o
 .debug_macro   0x0001961c       0x16 ./Sources/main.o
 .debug_macro   0x00019632       0x43 ./Sources/main.o
 .debug_macro   0x00019675      0x180 ./Sources/main.o
 .debug_macro   0x000197f5       0x22 ./Sources/main.o
 .debug_macro   0x00019817       0x16 ./Sources/main.o
 .debug_macro   0x0001982d    0x16273 ./Sources/main.o
 .debug_macro   0x0002faa0     0x1182 ./Sources/main.o
 .debug_macro   0x00030c22       0x16 ./Sources/main.o
 .debug_macro   0x00030c38       0x22 ./Sources/main.o
 .debug_macro   0x00030c5a       0x10 ./Sources/main.o
 .debug_macro   0x00030c6a       0x11 ./Sources/main.o
 .debug_macro   0x00030c7b       0x1c ./Sources/main.o
 .debug_macro   0x00030c97       0x35 ./Sources/main.o
 .debug_macro   0x00030ccc       0x10 ./Sources/main.o
 .debug_macro   0x00030cdc       0x10 ./Sources/main.o
 .debug_macro   0x00030cec       0x22 ./Sources/main.o
 .debug_macro   0x00030d0e       0xbd ./Sources/main.o
 .debug_macro   0x00030dcb       0x16 ./Sources/main.o
 .debug_macro   0x00030de1      0x14a ./Sources/main.o
 .debug_macro   0x00030f2b      0x183 ./Sources/main.o
 .debug_macro   0x000310ae      0x171 ./Project_Settings/Startup_Code/startup.o
 .debug_macro   0x0003121f      0x162 ./Project_Settings/Startup_Code/system_MK64F12.o
 .debug_macro   0x00031381       0x68 ./Project_Settings/Startup_Code/system_MK64F12.o

.debug_line     0x00000000     0x1c24
 .debug_line    0x00000000      0x90e ./Sources/main.o
 .debug_line    0x0000090e      0x369 ./Project_Settings/Startup_Code/startup.o
 .debug_line    0x00000c77       0x6a ./Project_Settings/Startup_Code/startup_MK64F12.o
 .debug_line    0x00000ce1      0x39c ./Project_Settings/Startup_Code/system_MK64F12.o
 .debug_line    0x0000107d      0x62c C:\Freescale\KSDK_1.3.0\lib\ksdk_platform_lib\kds\K64F12\debug\libksdk_platform.a(fsl_uart_hal.o)
 .debug_line    0x000016a9      0x189 C:\Freescale\KSDK_1.3.0\lib\ksdk_platform_lib\kds\K64F12\debug\libksdk_platform.a(fsl_gpio_hal.o)
 .debug_line    0x00001832      0x1d0 C:\Freescale\KSDK_1.3.0\lib\ksdk_platform_lib\kds\K64F12\debug\libksdk_platform.a(fsl_dac_hal.o)
 .debug_line    0x00001a02      0x222 C:\Freescale\KSDK_1.3.0\lib\ksdk_platform_lib\kds\K64F12\debug\libksdk_platform.a(fsl_adc16_hal.o)

.debug_str      0x00000000   0x19fd63
 .debug_str     0x00000000   0x19ebd6 ./Sources/main.o
                             0x19ee80 (size before relaxing)
 .debug_str     0x0019ebd6      0x15e ./Project_Settings/Startup_Code/startup.o
                             0x19ca81 (size before relaxing)
 .debug_str     0x0019ed34       0xea ./Project_Settings/Startup_Code/system_MK64F12.o
                             0x19cb3c (size before relaxing)
 .debug_str     0x0019ee1e      0xbd1 C:\Freescale\KSDK_1.3.0\lib\ksdk_platform_lib\kds\K64F12\debug\libksdk_platform.a(fsl_uart_hal.o)
                                0xea9 (size before relaxing)
 .debug_str     0x0019f9ef       0x7d C:\Freescale\KSDK_1.3.0\lib\ksdk_platform_lib\kds\K64F12\debug\libksdk_platform.a(fsl_gpio_hal.o)
                                0x2f6 (size before relaxing)
 .debug_str     0x0019fa6c       0x9a C:\Freescale\KSDK_1.3.0\lib\ksdk_platform_lib\kds\K64F12\debug\libksdk_platform.a(fsl_dac_hal.o)
                                0x58d (size before relaxing)
 .debug_str     0x0019fb06      0x25d C:\Freescale\KSDK_1.3.0\lib\ksdk_platform_lib\kds\K64F12\debug\libksdk_platform.a(fsl_adc16_hal.o)
                                0xbc6 (size before relaxing)

.comment        0x00000000       0x70
 .comment       0x00000000       0x70 ./Sources/main.o
                                 0x71 (size before relaxing)
 .comment       0x00000000       0x71 ./Project_Settings/Startup_Code/startup.o
 .comment       0x00000000       0x71 ./Project_Settings/Startup_Code/system_MK64F12.o
 .comment       0x00000000       0x71 C:\Freescale\KSDK_1.3.0\lib\ksdk_platform_lib\kds\K64F12\debug\libksdk_platform.a(fsl_uart_hal.o)
 .comment       0x00000000       0x71 C:\Freescale\KSDK_1.3.0\lib\ksdk_platform_lib\kds\K64F12\debug\libksdk_platform.a(fsl_gpio_hal.o)
 .comment       0x00000000       0x71 C:\Freescale\KSDK_1.3.0\lib\ksdk_platform_lib\kds\K64F12\debug\libksdk_platform.a(fsl_dac_hal.o)
 .comment       0x00000000       0x71 C:\Freescale\KSDK_1.3.0\lib\ksdk_platform_lib\kds\K64F12\debug\libksdk_platform.a(fsl_adc16_hal.o)

.debug_frame    0x00000000     0x1574
 .debug_frame   0x00000000      0x4a4 ./Sources/main.o
 .debug_frame   0x000004a4       0x2c ./Project_Settings/Startup_Code/startup.o
 .debug_frame   0x000004d0       0x44 ./Project_Settings/Startup_Code/system_MK64F12.o
 .debug_frame   0x00000514      0x3f4 C:\Freescale\KSDK_1.3.0\lib\ksdk_platform_lib\kds\K64F12\debug\libksdk_platform.a(fsl_uart_hal.o)
 .debug_frame   0x00000908       0x50 C:\Freescale\KSDK_1.3.0\lib\ksdk_platform_lib\kds\K64F12\debug\libksdk_platform.a(fsl_gpio_hal.o)
 .debug_frame   0x00000958       0x84 C:\Freescale\KSDK_1.3.0\lib\ksdk_platform_lib\kds\K64F12\debug\libksdk_platform.a(fsl_dac_hal.o)
 .debug_frame   0x000009dc       0xd8 C:\Freescale\KSDK_1.3.0\lib\ksdk_platform_lib\kds\K64F12\debug\libksdk_platform.a(fsl_adc16_hal.o)
 .debug_frame   0x00000ab4       0x48 c:/freescale/kds_v3/toolchain/bin/../lib/gcc/arm-none-eabi/4.8.4/../../../../arm-none-eabi/lib/armv7e-m/fpu\libg_s.a(lib_a-assert.o)
 .debug_frame   0x00000afc       0x28 c:/freescale/kds_v3/toolchain/bin/../lib/gcc/arm-none-eabi/4.8.4/../../../../arm-none-eabi/lib/armv7e-m/fpu\libg_s.a(lib_a-exit.o)
 .debug_frame   0x00000b24       0x58 c:/freescale/kds_v3/toolchain/bin/../lib/gcc/arm-none-eabi/4.8.4/../../../../arm-none-eabi/lib/armv7e-m/fpu\libg_s.a(lib_a-fprintf.o)
 .debug_frame   0x00000b7c       0x2c c:/freescale/kds_v3/toolchain/bin/../lib/gcc/arm-none-eabi/4.8.4/../../../../arm-none-eabi/lib/armv7e-m/fpu\libg_s.a(lib_a-init.o)
 .debug_frame   0x00000ba8       0x20 c:/freescale/kds_v3/toolchain/bin/../lib/gcc/arm-none-eabi/4.8.4/../../../../arm-none-eabi/lib/armv7e-m/fpu\libg_s.a(lib_a-memset.o)
 .debug_frame   0x00000bc8       0x58 c:/freescale/kds_v3/toolchain/bin/../lib/gcc/arm-none-eabi/4.8.4/../../../../arm-none-eabi/lib/armv7e-m/fpu\libg_s.a(lib_a-snprintf.o)
 .debug_frame   0x00000c20       0x88 c:/freescale/kds_v3/toolchain/bin/../lib/gcc/arm-none-eabi/4.8.4/../../../../arm-none-eabi/lib/armv7e-m/fpu\libg_s.a(lib_a-svfprintf.o)
 .debug_frame   0x00000ca8       0xa8 c:/freescale/kds_v3/toolchain/bin/../lib/gcc/arm-none-eabi/4.8.4/../../../../arm-none-eabi/lib/armv7e-m/fpu\libg_s.a(lib_a-vfprintf.o)
 .debug_frame   0x00000d50       0x60 c:/freescale/kds_v3/toolchain/bin/../lib/gcc/arm-none-eabi/4.8.4/../../../../arm-none-eabi/lib/armv7e-m/fpu\libg_s.a(lib_a-vfprintf_i.o)
 .debug_frame   0x00000db0       0x3c c:/freescale/kds_v3/toolchain/bin/../lib/gcc/arm-none-eabi/4.8.4/../../../../arm-none-eabi/lib/armv7e-m/fpu\libg_s.a(lib_a-wbuf.o)
 .debug_frame   0x00000dec       0x2c c:/freescale/kds_v3/toolchain/bin/../lib/gcc/arm-none-eabi/4.8.4/../../../../arm-none-eabi/lib/armv7e-m/fpu\libg_s.a(lib_a-wsetup.o)
 .debug_frame   0x00000e18       0x28 c:/freescale/kds_v3/toolchain/bin/../lib/gcc/arm-none-eabi/4.8.4/../../../../arm-none-eabi/lib/armv7e-m/fpu\libg_s.a(lib_a-abort.o)
 .debug_frame   0x00000e40       0x5c c:/freescale/kds_v3/toolchain/bin/../lib/gcc/arm-none-eabi/4.8.4/../../../../arm-none-eabi/lib/armv7e-m/fpu\libg_s.a(lib_a-fflush.o)
 .debug_frame   0x00000e9c      0x12c c:/freescale/kds_v3/toolchain/bin/../lib/gcc/arm-none-eabi/4.8.4/../../../../arm-none-eabi/lib/armv7e-m/fpu\libg_s.a(lib_a-findfp.o)
 .debug_frame   0x00000fc8       0x30 c:/freescale/kds_v3/toolchain/bin/../lib/gcc/arm-none-eabi/4.8.4/../../../../arm-none-eabi/lib/armv7e-m/fpu\libg_s.a(lib_a-makebuf.o)
 .debug_frame   0x00000ff8       0x28 c:/freescale/kds_v3/toolchain/bin/../lib/gcc/arm-none-eabi/4.8.4/../../../../arm-none-eabi/lib/armv7e-m/fpu\libg_s.a(lib_a-memchr-stub.o)
 .debug_frame   0x00001020       0x28 c:/freescale/kds_v3/toolchain/bin/../lib/gcc/arm-none-eabi/4.8.4/../../../../arm-none-eabi/lib/armv7e-m/fpu\libg_s.a(lib_a-memcpy-stub.o)
 .debug_frame   0x00001048       0x2c c:/freescale/kds_v3/toolchain/bin/../lib/gcc/arm-none-eabi/4.8.4/../../../../arm-none-eabi/lib/armv7e-m/fpu\libg_s.a(lib_a-memmove.o)
 .debug_frame   0x00001074       0x2c c:/freescale/kds_v3/toolchain/bin/../lib/gcc/arm-none-eabi/4.8.4/../../../../arm-none-eabi/lib/armv7e-m/fpu\libg_s.a(lib_a-nano-freer.o)
 .debug_frame   0x000010a0       0x2c c:/freescale/kds_v3/toolchain/bin/../lib/gcc/arm-none-eabi/4.8.4/../../../../arm-none-eabi/lib/armv7e-m/fpu\libg_s.a(lib_a-nano-mallocr.o)
 .debug_frame   0x000010cc       0x30 c:/freescale/kds_v3/toolchain/bin/../lib/gcc/arm-none-eabi/4.8.4/../../../../arm-none-eabi/lib/armv7e-m/fpu\libg_s.a(lib_a-nano-reallocr.o)
 .debug_frame   0x000010fc       0x2c c:/freescale/kds_v3/toolchain/bin/../lib/gcc/arm-none-eabi/4.8.4/../../../../arm-none-eabi/lib/armv7e-m/fpu\libg_s.a(lib_a-sbrkr.o)
 .debug_frame   0x00001128       0xc0 c:/freescale/kds_v3/toolchain/bin/../lib/gcc/arm-none-eabi/4.8.4/../../../../arm-none-eabi/lib/armv7e-m/fpu\libg_s.a(lib_a-signal.o)
 .debug_frame   0x000011e8       0x3c c:/freescale/kds_v3/toolchain/bin/../lib/gcc/arm-none-eabi/4.8.4/../../../../arm-none-eabi/lib/armv7e-m/fpu\libg_s.a(lib_a-signalr.o)
 .debug_frame   0x00001224       0x80 c:/freescale/kds_v3/toolchain/bin/../lib/gcc/arm-none-eabi/4.8.4/../../../../arm-none-eabi/lib/armv7e-m/fpu\libg_s.a(lib_a-stdio.o)
 .debug_frame   0x000012a4       0x20 c:/freescale/kds_v3/toolchain/bin/../lib/gcc/arm-none-eabi/4.8.4/../../../../arm-none-eabi/lib/armv7e-m/fpu\libg_s.a(lib_a-strlen.o)
 .debug_frame   0x000012c4       0x2c c:/freescale/kds_v3/toolchain/bin/../lib/gcc/arm-none-eabi/4.8.4/../../../../arm-none-eabi/lib/armv7e-m/fpu\libg_s.a(lib_a-writer.o)
 .debug_frame   0x000012f0       0x2c c:/freescale/kds_v3/toolchain/bin/../lib/gcc/arm-none-eabi/4.8.4/../../../../arm-none-eabi/lib/armv7e-m/fpu\libg_s.a(lib_a-closer.o)
 .debug_frame   0x0000131c       0x2c c:/freescale/kds_v3/toolchain/bin/../lib/gcc/arm-none-eabi/4.8.4/../../../../arm-none-eabi/lib/armv7e-m/fpu\libg_s.a(lib_a-fstatr.o)
 .debug_frame   0x00001348       0x2c c:/freescale/kds_v3/toolchain/bin/../lib/gcc/arm-none-eabi/4.8.4/../../../../arm-none-eabi/lib/armv7e-m/fpu\libg_s.a(lib_a-isattyr.o)
 .debug_frame   0x00001374       0x2c c:/freescale/kds_v3/toolchain/bin/../lib/gcc/arm-none-eabi/4.8.4/../../../../arm-none-eabi/lib/armv7e-m/fpu\libg_s.a(lib_a-lseekr.o)
 .debug_frame   0x000013a0       0x20 c:/freescale/kds_v3/toolchain/bin/../lib/gcc/arm-none-eabi/4.8.4/../../../../arm-none-eabi/lib/armv7e-m/fpu\libg_s.a(lib_a-nano-msizer.o)
 .debug_frame   0x000013c0       0x2c c:/freescale/kds_v3/toolchain/bin/../lib/gcc/arm-none-eabi/4.8.4/../../../../arm-none-eabi/lib/armv7e-m/fpu\libg_s.a(lib_a-readr.o)
 .debug_frame   0x000013ec       0x48 c:/freescale/kds_v3/toolchain/bin/../lib/gcc/arm-none-eabi/4.8.4/../../../../arm-none-eabi/lib/armv7e-m/fpu\libg_s.a(lib_a-reent.o)
 .debug_frame   0x00001434       0x20 c:/freescale/kds_v3/toolchain/bin/../lib/gcc/arm-none-eabi/4.8.4/../../../../arm-none-eabi/lib/armv7e-m/fpu\libnosys.a(close.o)
 .debug_frame   0x00001454       0x20 c:/freescale/kds_v3/toolchain/bin/../lib/gcc/arm-none-eabi/4.8.4/../../../../arm-none-eabi/lib/armv7e-m/fpu\libnosys.a(fstat.o)
 .debug_frame   0x00001474       0x20 c:/freescale/kds_v3/toolchain/bin/../lib/gcc/arm-none-eabi/4.8.4/../../../../arm-none-eabi/lib/armv7e-m/fpu\libnosys.a(getpid.o)
 .debug_frame   0x00001494       0x20 c:/freescale/kds_v3/toolchain/bin/../lib/gcc/arm-none-eabi/4.8.4/../../../../arm-none-eabi/lib/armv7e-m/fpu\libnosys.a(isatty.o)
 .debug_frame   0x000014b4       0x20 c:/freescale/kds_v3/toolchain/bin/../lib/gcc/arm-none-eabi/4.8.4/../../../../arm-none-eabi/lib/armv7e-m/fpu\libnosys.a(kill.o)
 .debug_frame   0x000014d4       0x20 c:/freescale/kds_v3/toolchain/bin/../lib/gcc/arm-none-eabi/4.8.4/../../../../arm-none-eabi/lib/armv7e-m/fpu\libnosys.a(lseek.o)
 .debug_frame   0x000014f4       0x20 c:/freescale/kds_v3/toolchain/bin/../lib/gcc/arm-none-eabi/4.8.4/../../../../arm-none-eabi/lib/armv7e-m/fpu\libnosys.a(read.o)
 .debug_frame   0x00001514       0x20 c:/freescale/kds_v3/toolchain/bin/../lib/gcc/arm-none-eabi/4.8.4/../../../../arm-none-eabi/lib/armv7e-m/fpu\libnosys.a(sbrk.o)
 .debug_frame   0x00001534       0x20 c:/freescale/kds_v3/toolchain/bin/../lib/gcc/arm-none-eabi/4.8.4/../../../../arm-none-eabi/lib/armv7e-m/fpu\libnosys.a(write.o)
 .debug_frame   0x00001554       0x20 c:/freescale/kds_v3/toolchain/bin/../lib/gcc/arm-none-eabi/4.8.4/../../../../arm-none-eabi/lib/armv7e-m/fpu\libnosys.a(_exit.o)

.stab           0x00000000       0xcc
 .stab          0x00000000       0x24 c:/freescale/kds_v3/toolchain/bin/../lib/gcc/arm-none-eabi/4.8.4/../../../../arm-none-eabi/lib/armv7e-m/fpu\libnosys.a(close.o)
 .stab          0x00000024       0x18 c:/freescale/kds_v3/toolchain/bin/../lib/gcc/arm-none-eabi/4.8.4/../../../../arm-none-eabi/lib/armv7e-m/fpu\libnosys.a(fstat.o)
                                 0x24 (size before relaxing)
 .stab          0x0000003c       0x18 c:/freescale/kds_v3/toolchain/bin/../lib/gcc/arm-none-eabi/4.8.4/../../../../arm-none-eabi/lib/armv7e-m/fpu\libnosys.a(getpid.o)
                                 0x24 (size before relaxing)
 .stab          0x00000054       0x18 c:/freescale/kds_v3/toolchain/bin/../lib/gcc/arm-none-eabi/4.8.4/../../../../arm-none-eabi/lib/armv7e-m/fpu\libnosys.a(isatty.o)
                                 0x24 (size before relaxing)
 .stab          0x0000006c       0x18 c:/freescale/kds_v3/toolchain/bin/../lib/gcc/arm-none-eabi/4.8.4/../../../../arm-none-eabi/lib/armv7e-m/fpu\libnosys.a(kill.o)
                                 0x24 (size before relaxing)
 .stab          0x00000084       0x18 c:/freescale/kds_v3/toolchain/bin/../lib/gcc/arm-none-eabi/4.8.4/../../../../arm-none-eabi/lib/armv7e-m/fpu\libnosys.a(lseek.o)
                                 0x24 (size before relaxing)
 .stab          0x0000009c       0x18 c:/freescale/kds_v3/toolchain/bin/../lib/gcc/arm-none-eabi/4.8.4/../../../../arm-none-eabi/lib/armv7e-m/fpu\libnosys.a(read.o)
                                 0x24 (size before relaxing)
 .stab          0x000000b4       0x18 c:/freescale/kds_v3/toolchain/bin/../lib/gcc/arm-none-eabi/4.8.4/../../../../arm-none-eabi/lib/armv7e-m/fpu\libnosys.a(write.o)
                                 0x24 (size before relaxing)

.stabstr        0x00000000      0x1b9
 .stabstr       0x00000000      0x1b9 c:/freescale/kds_v3/toolchain/bin/../lib/gcc/arm-none-eabi/4.8.4/../../../../arm-none-eabi/lib/armv7e-m/fpu\libnosys.a(close.o)
